******************************************************************************
             TMS320C2000 Linker PC v22.6.1                     
******************************************************************************
>> Linked Fri Mar 21 17:40:47 2025

OUTPUT FILE NAME:   <adc_ex10_multiple_soc_epwm.out>
ENTRY POINT SYMBOL: "code_start"  address: 00080000


MEMORY CONFIGURATION

         name            origin    length      used     unused   attr    fill
----------------------  --------  ---------  --------  --------  ----  --------
  BOOT_RSVD             00000002   00000126  00000000  00000126  RWIX
  RAMM0                 00000128   000002d8  00000000  000002d8  RWIX
  RAMM1                 00000400   000003f8  00000200  000001f8  RWIX
  RAMLS4567             0000a000   00002000  0000012c  00001ed4  RWIX
  RAMGS0                0000c000   000007f8  00000123  000006d5  RWIX
  BEGIN                 00080000   00000002  00000002  00000000  RWIX
  FLASH_BANK0_SEC0      00080002   00000ffe  00000000  00000ffe  RWIX
  FLASH_BANK0_SEC1      00081000   00001000  000004b4  00000b4c  RWIX
  FLASH_BANK0_SEC2      00082000   00001000  00001000  00000000  RWIX
  FLASH_BANK0_SEC3      00083000   00001000  00000212  00000dee  RWIX
  FLASH_BANK0_SEC4      00084000   00001000  00000000  00001000  RWIX
  FLASH_BANK0_SEC5      00085000   00001000  00000000  00001000  RWIX
  FLASH_BANK0_SEC6      00086000   00001000  00000000  00001000  RWIX
  FLASH_BANK0_SEC7      00087000   00001000  00000000  00001000  RWIX
  FLASH_BANK0_SEC8      00088000   00001000  00000000  00001000  RWIX
  FLASH_BANK0_SEC9      00089000   00001000  00000000  00001000  RWIX
  FLASH_BANK0_SEC10     0008a000   00001000  00000000  00001000  RWIX
  FLASH_BANK0_SEC11     0008b000   00001000  00000000  00001000  RWIX
  FLASH_BANK0_SEC12     0008c000   00001000  00000000  00001000  RWIX
  FLASH_BANK0_SEC13     0008d000   00001000  00000000  00001000  RWIX
  FLASH_BANK0_SEC14     0008e000   00001000  00000000  00001000  RWIX
  FLASH_BANK0_SEC15     0008f000   00000ff0  00000000  00000ff0  RWIX
  BOOTROM               003f0000   00008000  00000000  00008000  RWIX
  BOOTROM_EXT           003f8000   00007fc0  00000000  00007fc0  RWIX
  RESET                 003fffc0   00000002  00000000  00000002  RWIX


SECTION ALLOCATION MAP

 output                                  attributes/
section   page    origin      length       input sections
--------  ----  ----------  ----------   ----------------
codestart 
*          0    00080000    00000002     
                  00080000    00000002     f28002x_codestartbranch.obj (codestart)

.cinit     0    000814a0    00000020     
                  000814a0    0000000d     (.cinit..data.load) [load image, compression = lzss]
                  000814ad    00000001     --HOLE-- [fill = 0]
                  000814ae    00000006     (__TI_handler_table)
                  000814b4    00000004     (.cinit..bss.load) [load image, compression = zero_init]
                  000814b8    00000008     (__TI_cinit_table)

.reset     0    003fffc0    00000000     DSECT

.stack     0    00000400    00000200     UNINITIALIZED
                  00000400    00000200     --HOLE--

.init_array 
*          0    00081000    00000000     UNINITIALIZED

.bss       0    0000a000    0000010a     UNINITIALIZED
                  0000a000    00000096     adc_ex10_multiple_soc_epwm.obj (.bss:buffer)
                  0000a096    00000014     adc_ex10_multiple_soc_epwm.obj (.bss:IinStr$6)
                  0000a0aa    00000014     adc_ex10_multiple_soc_epwm.obj (.bss:cvoutStr$8)
                  0000a0be    00000014     adc_ex10_multiple_soc_epwm.obj (.bss:dutyStr$7)
                  0000a0d2    00000014     adc_ex10_multiple_soc_epwm.obj (.bss:vinStr$5)
                  0000a0e6    00000014     adc_ex10_multiple_soc_epwm.obj (.bss:voutStr$4)
                  0000a0fa    00000006     --HOLE--
                  0000a100    0000000a     adc_ex10_multiple_soc_epwm.obj (.bss)

.data      0    0000a10a    00000022     UNINITIALIZED
                  0000a10a    00000018     adc_ex10_multiple_soc_epwm.obj (.data)
                  0000a122    00000006     rts2800_fpu32_eabi.lib : exit.c.obj (.data)
                  0000a128    00000002                            : _lock.c.obj (.data:_lock)
                  0000a12a    00000002                            : _lock.c.obj (.data:_unlock)

.const     0    00081000    00000371     
                  00081000    000000bf     adc_ex10_multiple_soc_epwm.obj (.const:.string)
                  000810bf    00000001     --HOLE-- [fill = 0]
                  000810c0    0000009b     driverlib.lib : flash.obj (.const:.string)
                  0008115b    00000001     --HOLE-- [fill = 0]
                  0008115c    0000009a                   : sysctl.obj (.const:.string)
                  000811f6    00000098                   : gpio.obj (.const:.string)
                  0008128e    00000097                   : sci.obj (.const:.string)
                  00081325    00000001     --HOLE-- [fill = 0]
                  00081326    0000004b                   : adc.obj (.const:.string)

.TI.ramfunc 
*          0    00081378    00000123     RUN ADDR = 0000c000
                  00081378    0000003f     driverlib.lib : flash.obj (.TI.ramfunc:Flash_initModule)
                  000813b7    0000002c                   : flash.obj (.TI.ramfunc:Flash_setBankPowerMode)
                  000813e3    00000023                   : flash.obj (.TI.ramfunc:Flash_setWaitstates)
                  00081406    0000001d                   : flash.obj (.TI.ramfunc:Flash_setPumpPowerMode)
                  00081423    00000018                   : flash.obj (.TI.ramfunc:Flash_disableCache)
                  0008143b    00000018                   : flash.obj (.TI.ramfunc:Flash_disablePrefetch)
                  00081453    00000017                   : flash.obj (.TI.ramfunc:Flash_enableCache)
                  0008146a    00000017                   : flash.obj (.TI.ramfunc:Flash_enablePrefetch)
                  00081481    00000016                   : flash.obj (.TI.ramfunc:Flash_enableECC)
                  00081497    00000004                   : sysctl.obj (.TI.ramfunc)

.text.1    0    00082000    00001000     
                  00082000    0000016a     adc_ex10_multiple_soc_epwm.obj (.text:adcA1ISR)
                  0008216a    00000123     driverlib.lib : sysctl.obj (.text:SysCtl_setClock)
                  0008228d    000000fe                   : sysctl.obj (.text:SysCtl_isPLLValid)
                  0008238b    00000001     rts2800_fpu32_eabi.lib : startup.c.obj (.text)
                  0008238c    000000c9     adc_ex10_multiple_soc_epwm.obj (.text:floatToString)
                  00082455    000000bf     adc_ex10_multiple_soc_epwm.obj (.text:PfcStateMachineStep)
                  00082514    000000b4     board.obj (.text:PinMux_init)
                  000825c8    000000a0     device.obj (.text:Device_enableAllPeripherals)
                  00082668    00000088     rts2800_fpu32_eabi.lib : fs_div28.asm.obj (.text)
                  000826f0    00000075     board.obj (.text:myADC0_init)
                  00082765    00000075     board.obj (.text:mySCI0_init)
                  000827da    00000073     driverlib.lib : sysctl.obj (.text:DCC_setCounterSeeds)
                  0008284d    00000065                   : sysctl.obj (.text:SysCtl_getClock)
                  000828b2    0000005e     board.obj (.text:myADC1_init)
                  00082910    00000055     device.obj (.text:Device_init)
                  00082965    00000052     driverlib.lib : gpio.obj (.text:GPIO_setPadConfig)
                  000829b7    0000004a     adc_ex10_multiple_soc_epwm.obj (.text:initEPWM)
                  00082a01    00000047     driverlib.lib : sysctl.obj (.text:SysCtl_selectOscSource)
                  00082a48    00000046                   : gpio.obj (.text:GPIO_setAnalogMode)
                  00082a8e    00000046                   : sysctl.obj (.text:SysCtl_selectXTAL)
                  00082ad4    00000045                   : sci.obj (.text:SCI_clearInterruptStatus)
                  00082b19    00000045                   : sysctl.obj (.text:SysCtl_pollX1Counter)
                  00082b5e    00000041                   : sci.obj (.text:SCI_writeCharArray)
                  00082b9f    0000003e                   : sci.obj (.text:SCI_setConfig)
                  00082bdd    0000003d                   : interrupt.obj (.text:Interrupt_initModule)
                  00082c1a    0000003a     adc_ex10_multiple_soc_epwm.obj (.text:main)
                  00082c54    00000039     adc_ex10_multiple_soc_epwm.obj (.text:current_controller)
                  00082c8d    00000037     driverlib.lib : gpio.obj (.text:GPIO_setPinConfig)
                  00082cc4    00000037                   : gpio.obj (.text:GPIO_setQualificationMode)
                  00082cfb    00000037                   : interrupt.obj (.text:Interrupt_enable)
                  00082d32    00000031                   : gpio.obj (.text:GPIO_setDirectionMode)
                  00082d63    00000030     rts2800_fpu32_eabi.lib : copy_decompress_lzss.c.obj (.text:decompress:lzss)
                  00082d93    0000002b                            : autoinit.c.obj (.text:__TI_auto_init_nobinit_nopinit)
                  00082dbe    0000002b     adc_ex10_multiple_soc_epwm.obj (.text:voltage_controller)
                  00082de9    00000029     rts2800_fpu32_eabi.lib : exit.c.obj (.text)
                  00082e12    00000027     driverlib.lib : adc.obj (.text:ADC_setVREF)
                  00082e39    00000027     adc_ex10_multiple_soc_epwm.obj (.text:setPWMDutyCycle)
                  00082e60    00000025     driverlib.lib : sysctl.obj (.text:SysCtl_selectXTALSingleEnded)
                  00082e85    00000024                   : sysctl.obj (.text:DCC_enableSingleShotMode)
                  00082ea9    00000020                   : adc.obj (.text:ADC_setOffsetTrimAll)
                  00082ec9    00000020                   : sci.obj (.text:SCI_isFIFOEnabled)
                  00082ee9    0000001e                   : sysctl.obj (.text:DCC_setCounter0ClkSource)
                  00082f07    0000001e                   : sysctl.obj (.text:DCC_setCounter1ClkSource)
                  00082f25    0000001e                   : interrupt.obj (.text:Interrupt_initVectorTable)
                  00082f43    0000001d     rts2800_fpu32_eabi.lib : memcpy.c.obj (.text)
                  00082f60    0000001a     driverlib.lib : sci.obj (.text:SCI_isSpaceAvailableNonFIFO)
                  00082f7a    0000001a                   : sysctl.obj (.text:SysCtl_getLowSpeedClock)
                  00082f94    00000019                   : sysctl.obj (.text:SysCtl_setPLLSysClk)
                  00082fad    00000018                   : sci.obj (.text:SCI_disableModule)
                  00082fc5    00000018                   : sci.obj (.text:SCI_performSoftwareReset)
                  00082fdd    00000017                   : sysctl.obj (.text:SysCtl_enablePeripheral)
                  00082ff4    0000000c     board.obj (.text:INTERRUPT_init)

.text.2    0    00083000    00000212     
                  00083000    00000017     rts2800_fpu32_eabi.lib : boot28.asm.obj (.text)
                  00083017    00000016     driverlib.lib : sysctl.obj (.text:DCC_disableDoneSignal)
                  0008302d    00000016                   : interrupt.obj (.text:Interrupt_defaultHandler)
                  00083043    00000015                   : sysctl.obj (.text:DCC_clearDoneFlag)
                  00083058    00000015                   : sysctl.obj (.text:DCC_clearErrorFlag)
                  0008306d    00000015                   : sysctl.obj (.text:DCC_disableErrorSignal)
                  00083082    00000015                   : sysctl.obj (.text:DCC_isBaseValid)
                  00083097    00000014                   : sysctl.obj (.text:DCC_disableModule)
                  000830ab    00000014                   : sysctl.obj (.text:DCC_enableModule)
                  000830bf    00000014                   : gpio.obj (.text:GPIO_isPinValid)
                  000830d3    00000014                   : sci.obj (.text:SCI_getTxFIFOStatus)
                  000830e7    00000013                   : adc.obj (.text:ADC_isBaseValid)
                  000830fa    00000013     board.obj (.text:RLY_CTRL_init)
                  0008310d    00000013     driverlib.lib : sci.obj (.text:SCI_enableModule)
                  00083120    00000010     device.obj (.text:Device_initGPIO)
                  00083130    00000010     driverlib.lib : flash.obj (.text:Flash_isCtrlBaseValid)
                  00083140    00000010                   : flash.obj (.text:Flash_isECCBaseValid)
                  00083150    0000000f     board.obj (.text:Board_init)
                  0008315f    0000000f     driverlib.lib : sci.obj (.text:SCI_isBaseValid)
                  0008316e    0000000d     board.obj (.text:ASYSCTL_init)
                  0008317b    0000000d     driverlib.lib : interrupt.obj (.text:Interrupt_disableGlobal)
                  00083188    0000000d                   : interrupt.obj (.text:Interrupt_enableGlobal)
                  00083195    0000000d     rts2800_fpu32_eabi.lib : copy_zero_init.c.obj (.text:decompress:ZI:__TI_zero_init_nomemset)
                  000831a2    0000000c                            : args_main.c.obj (.text)
                  000831ae    0000000b     driverlib.lib : sysctl.obj (.text:SysCtl_isMCDClockFailureDetected)
                  000831b9    0000000a                   : interrupt.obj (.text:Interrupt_illegalOperationHandler)
                  000831c3    0000000a                   : interrupt.obj (.text:Interrupt_nmiHandler)
                  000831cd    00000009     rts2800_fpu32_eabi.lib : _lock.c.obj (.text)
                  000831d6    00000009                            : strcat.c.obj (.text)
                  000831df    00000008                            : copy_decompress_none.c.obj (.text:decompress:none)
                  000831e7    00000008     f28002x_codestartbranch.obj (.text)
                  000831ef    00000008     rts2800_fpu32_eabi.lib : strlen.c.obj (.text)
                  000831f7    00000007     driverlib.lib : sysctl.obj (.text:SysCtl_resetMCD)
                  000831fe    00000005     board.obj (.text:ADC_init)
                  00083203    00000005     adc_ex10_multiple_soc_epwm.obj (.text:forcePWMLOW)
                  00083208    00000005     rts2800_fpu32_eabi.lib : strcpy.c.obj (.text)
                  0008320d    00000003     device.obj (.text:__error__)
                  00083210    00000002     rts2800_fpu32_eabi.lib : pre_init.c.obj (.text)

MODULE SUMMARY

       Module                           code   ro data   rw data
       ------                           ----   -------   -------
    .\
       adc_ex10_multiple_soc_epwm.obj   1030   191       284    
    +--+--------------------------------+------+---------+---------+
       Total:                           1030   191       284    
                                                                
    .\device\
       device.obj                       264    0         0      
       f28002x_codestartbranch.obj      10     0         0      
    +--+--------------------------------+------+---------+---------+
       Total:                           274    0         0      
                                                                
    .\syscfg\
       board.obj                        572    0         0      
    +--+--------------------------------+------+---------+---------+
       Total:                           572    0         0      
                                                                
    C:/ti/C2000Ware_5_04_00_00/driverlib/f28002x/driverlib/ccs/Debug/driverlib.lib
       sysctl.obj                       1350   154       0      
       flash.obj                        606    155       0      
       sci.obj                          356    151       0      
       gpio.obj                         331    152       0      
       interrupt.obj                    214    0         0      
       adc.obj                          90     75        0      
    +--+--------------------------------+------+---------+---------+
       Total:                           2947   687       0      
                                                                
    C:\ti\ccs2010\ccs\tools\compiler\ti-cgt-c2000_22.6.1.LTS\lib\rts2800_fpu32_eabi.lib
       fs_div28.asm.obj                 136    0         0      
       copy_decompress_lzss.c.obj       48     0         0      
       exit.c.obj                       41     0         6      
       autoinit.c.obj                   43     0         0      
       memcpy.c.obj                     29     0         0      
       boot28.asm.obj                   23     0         0      
       _lock.c.obj                      9      0         4      
       copy_zero_init.c.obj             13     0         0      
       args_main.c.obj                  12     0         0      
       strcat.c.obj                     9      0         0      
       copy_decompress_none.c.obj       8      0         0      
       strlen.c.obj                     8      0         0      
       strcpy.c.obj                     5      0         0      
       pre_init.c.obj                   2      0         0      
       startup.c.obj                    1      0         0      
    +--+--------------------------------+------+---------+---------+
       Total:                           387    0         10     
                                                                
       Stack:                           0      0         512    
       Linker Generated:                0      31        0      
    +--+--------------------------------+------+---------+---------+
       Grand Total:                     5210   909       806    


LINKER GENERATED COPY TABLES

__TI_cinit_table @ 000814b8 records: 2, size/record: 4, table size: 8
	.data: load addr=000814a0, load size=0000000d bytes, run addr=0000a10a, run size=00000022 bytes, compression=lzss
	.bss: load addr=000814b4, load size=00000004 bytes, run addr=0000a000, run size=0000010a bytes, compression=zero_init


LINKER GENERATED HANDLER TABLE

__TI_handler_table @ 000814ae records: 3, size/record: 2, table size: 6
	index: 0, handler: __TI_zero_init
	index: 1, handler: __TI_decompress_lzss
	index: 2, handler: __TI_decompress_none


GLOBAL DATA SYMBOLS: SORTED BY DATA PAGE

address     data page           name
--------    ----------------    ----
00000400      10 (00000400)     __stack

0000a000     280 (0000a000)     buffer

0000a100     284 (0000a100)     adcAResult0
0000a101     284 (0000a100)     adcAResult1
0000a102     284 (0000a100)     adcAResult2
0000a104     284 (0000a100)     Vout
0000a106     284 (0000a100)     Vin
0000a108     284 (0000a100)     Iin
0000a10d     284 (0000a100)     count
0000a110     284 (0000a100)     current_Vout_target
0000a112     284 (0000a100)     duty
0000a122     284 (0000a100)     __TI_enable_exit_profile_output
0000a124     284 (0000a100)     __TI_cleanup_ptr
0000a126     284 (0000a100)     __TI_dtors_ptr
0000a128     284 (0000a100)     _lock
0000a12a     284 (0000a100)     _unlock


GLOBAL SYMBOLS: SORTED ALPHABETICALLY BY Name 

page  address   name                             
----  -------   ----                             
0     000831fe  ADC_init                         
0     00082ea9  ADC_setOffsetTrimAll             
0     00082e12  ADC_setVREF                      
0     0008316e  ASYSCTL_init                     
0     00083150  Board_init                       
0     00082de9  C$$EXIT                          
0     000825c8  Device_enableAllPeripherals      
0     00082910  Device_init                      
0     00083120  Device_initGPIO                  
0     0000c000  Flash_initModule                 
0     000830fa  GPIO_init                        
0     00082a48  GPIO_setAnalogMode               
0     00082d32  GPIO_setDirectionMode            
0     00082965  GPIO_setPadConfig                
0     00082c8d  GPIO_setPinConfig                
0     00082cc4  GPIO_setQualificationMode        
0     00082ff4  INTERRUPT_init                   
0     0000a108  Iin                              
0     0008302d  Interrupt_defaultHandler         
0     00082cfb  Interrupt_enable                 
0     000831b9  Interrupt_illegalOperationHandler
0     00082bdd  Interrupt_initModule             
0     00082f25  Interrupt_initVectorTable        
0     000831c3  Interrupt_nmiHandler             
0     00082455  PfcStateMachineStep              
0     00082514  PinMux_init                      
0     000830fa  RLY_CTRL_init                    
0     0008149b  RamfuncsLoadEnd                  
abs   00000123  RamfuncsLoadSize                 
0     00081378  RamfuncsLoadStart                
0     0000c123  RamfuncsRunEnd                   
abs   00000123  RamfuncsRunSize                  
0     0000c000  RamfuncsRunStart                 
0     00082ad4  SCI_clearInterruptStatus         
0     00082765  SCI_init                         
0     00082b9f  SCI_setConfig                    
0     00082b5e  SCI_writeCharArray               
0     0000c11f  SysCtl_delay                     
0     0008284d  SysCtl_getClock                  
0     00082f7a  SysCtl_getLowSpeedClock          
0     0008228d  SysCtl_isPLLValid                
0     00082a01  SysCtl_selectOscSource           
0     00082a8e  SysCtl_selectXTAL                
0     00082e60  SysCtl_selectXTALSingleEnded     
0     0008216a  SysCtl_setClock                  
0     0000a106  Vin                              
0     0000a104  Vout                             
0     000814b8  __TI_CINIT_Base                  
0     000814c0  __TI_CINIT_Limit                 
0     000814c0  __TI_CINIT_Warm                  
0     000814ae  __TI_Handler_Table_Base          
0     000814b4  __TI_Handler_Table_Limit         
0     00000600  __TI_STACK_END                   
abs   00000200  __TI_STACK_SIZE                  
0     00082d93  __TI_auto_init_nobinit_nopinit   
0     0000a124  __TI_cleanup_ptr                 
0     00082d63  __TI_decompress_lzss             
0     000831df  __TI_decompress_none             
0     0000a126  __TI_dtors_ptr                   
0     0000a122  __TI_enable_exit_profile_output  
abs   ffffffff  __TI_pprof_out_hndl              
abs   ffffffff  __TI_prof_data_size              
abs   ffffffff  __TI_prof_data_start             
0     00083195  __TI_zero_init_nomemset          
0     00082668  __c28xabi_divf                   
n/a   UNDEFED   __c_args__                       
0     0008320d  __error__                        
0     00000400  __stack                          
0     000831a2  _args_main                       
0     00083000  _c_int00                         
0     0000a128  _lock                            
0     000831d5  _nop                             
0     000831d1  _register_lock                   
0     000831cd  _register_unlock                 
0     0008238b  _system_post_cinit               
0     00083210  _system_pre_init                 
0     0000a12a  _unlock                          
0     00082de9  abort                            
0     00082000  adcA1ISR                         
0     0000a100  adcAResult0                      
0     0000a101  adcAResult1                      
0     0000a102  adcAResult2                      
0     0000a000  buffer                           
0     00080000  code_start                       
0     0000a10d  count                            
0     0000a110  current_Vout_target              
0     00082c54  current_controller               
0     0000a112  duty                             
0     00082deb  exit                             
0     0008238c  floatToString                    
0     00083203  forcePWMLOW                      
0     000829b7  initEPWM                         
0     00082c1a  main                             
0     00082f43  memcpy                           
0     000826f0  myADC0_init                      
0     000828b2  myADC1_init                      
0     00082765  mySCI0_init                      
0     00082e39  setPWMDutyCycle                  
0     000831d6  strcat                           
0     00083208  strcpy                           
0     000831ef  strlen                           
0     00082dbe  voltage_controller               


GLOBAL SYMBOLS: SORTED BY Symbol Address 

page  address   name                             
----  -------   ----                             
0     00000400  __stack                          
0     00000600  __TI_STACK_END                   
0     0000a000  buffer                           
0     0000a100  adcAResult0                      
0     0000a101  adcAResult1                      
0     0000a102  adcAResult2                      
0     0000a104  Vout                             
0     0000a106  Vin                              
0     0000a108  Iin                              
0     0000a10d  count                            
0     0000a110  current_Vout_target              
0     0000a112  duty                             
0     0000a122  __TI_enable_exit_profile_output  
0     0000a124  __TI_cleanup_ptr                 
0     0000a126  __TI_dtors_ptr                   
0     0000a128  _lock                            
0     0000a12a  _unlock                          
0     0000c000  Flash_initModule                 
0     0000c000  RamfuncsRunStart                 
0     0000c11f  SysCtl_delay                     
0     0000c123  RamfuncsRunEnd                   
0     00080000  code_start                       
0     00081378  RamfuncsLoadStart                
0     0008149b  RamfuncsLoadEnd                  
0     000814ae  __TI_Handler_Table_Base          
0     000814b4  __TI_Handler_Table_Limit         
0     000814b8  __TI_CINIT_Base                  
0     000814c0  __TI_CINIT_Limit                 
0     000814c0  __TI_CINIT_Warm                  
0     00082000  adcA1ISR                         
0     0008216a  SysCtl_setClock                  
0     0008228d  SysCtl_isPLLValid                
0     0008238b  _system_post_cinit               
0     0008238c  floatToString                    
0     00082455  PfcStateMachineStep              
0     00082514  PinMux_init                      
0     000825c8  Device_enableAllPeripherals      
0     00082668  __c28xabi_divf                   
0     000826f0  myADC0_init                      
0     00082765  SCI_init                         
0     00082765  mySCI0_init                      
0     0008284d  SysCtl_getClock                  
0     000828b2  myADC1_init                      
0     00082910  Device_init                      
0     00082965  GPIO_setPadConfig                
0     000829b7  initEPWM                         
0     00082a01  SysCtl_selectOscSource           
0     00082a48  GPIO_setAnalogMode               
0     00082a8e  SysCtl_selectXTAL                
0     00082ad4  SCI_clearInterruptStatus         
0     00082b5e  SCI_writeCharArray               
0     00082b9f  SCI_setConfig                    
0     00082bdd  Interrupt_initModule             
0     00082c1a  main                             
0     00082c54  current_controller               
0     00082c8d  GPIO_setPinConfig                
0     00082cc4  GPIO_setQualificationMode        
0     00082cfb  Interrupt_enable                 
0     00082d32  GPIO_setDirectionMode            
0     00082d63  __TI_decompress_lzss             
0     00082d93  __TI_auto_init_nobinit_nopinit   
0     00082dbe  voltage_controller               
0     00082de9  C$$EXIT                          
0     00082de9  abort                            
0     00082deb  exit                             
0     00082e12  ADC_setVREF                      
0     00082e39  setPWMDutyCycle                  
0     00082e60  SysCtl_selectXTALSingleEnded     
0     00082ea9  ADC_setOffsetTrimAll             
0     00082f25  Interrupt_initVectorTable        
0     00082f43  memcpy                           
0     00082f7a  SysCtl_getLowSpeedClock          
0     00082ff4  INTERRUPT_init                   
0     00083000  _c_int00                         
0     0008302d  Interrupt_defaultHandler         
0     000830fa  GPIO_init                        
0     000830fa  RLY_CTRL_init                    
0     00083120  Device_initGPIO                  
0     00083150  Board_init                       
0     0008316e  ASYSCTL_init                     
0     00083195  __TI_zero_init_nomemset          
0     000831a2  _args_main                       
0     000831b9  Interrupt_illegalOperationHandler
0     000831c3  Interrupt_nmiHandler             
0     000831cd  _register_unlock                 
0     000831d1  _register_lock                   
0     000831d5  _nop                             
0     000831d6  strcat                           
0     000831df  __TI_decompress_none             
0     000831ef  strlen                           
0     000831fe  ADC_init                         
0     00083203  forcePWMLOW                      
0     00083208  strcpy                           
0     0008320d  __error__                        
0     00083210  _system_pre_init                 
abs   00000123  RamfuncsLoadSize                 
abs   00000123  RamfuncsRunSize                  
abs   00000200  __TI_STACK_SIZE                  
abs   ffffffff  __TI_pprof_out_hndl              
abs   ffffffff  __TI_prof_data_size              
abs   ffffffff  __TI_prof_data_start             
n/a   UNDEFED   __c_args__                       

[102 symbols]
