<?xml version="1.0" encoding="ISO-8859-1" ?>
<link_info>
   <banner>TMS320C2000 Linker PC v22.6.1.LTS</banner>
   <copyright>Copyright (c) 1996-2018 Texas Instruments Incorporated</copyright>
   <link_time>0x67d6b1ab</link_time>
   <link_errors>0x1</link_errors>
   <output_file>adc_ex10_multiple_soc_epwm.out</output_file>
   <entry_point>
      <name>code_start</name>
      <address>0x0</address>
   </entry_point>
   <input_file_list>
      <input_file id="fl-2">
         <path>.\</path>
         <kind>object</kind>
         <file>adc_ex10_multiple_soc_epwm.obj</file>
         <name>adc_ex10_multiple_soc_epwm.obj</name>
      </input_file>
      <input_file id="fl-3">
         <path>.\syscfg\</path>
         <kind>object</kind>
         <file>board.obj</file>
         <name>board.obj</name>
      </input_file>
      <input_file id="fl-4">
         <path>.\syscfg\</path>
         <kind>object</kind>
         <file>c2000ware_libraries.obj</file>
         <name>c2000ware_libraries.obj</name>
      </input_file>
      <input_file id="fl-5">
         <path>.\device\</path>
         <kind>object</kind>
         <file>device.obj</file>
         <name>device.obj</name>
      </input_file>
      <input_file id="fl-6">
         <path>.\device\</path>
         <kind>object</kind>
         <file>f28002x_codestartbranch.obj</file>
         <name>f28002x_codestartbranch.obj</name>
      </input_file>
      <input_file id="fl-c">
         <kind>object</kind>
         <file>&lt;internal&gt;</file>
         <name>&lt;internal&gt;</name>
      </input_file>
      <input_file id="fl-d">
         <path>C:\ti\C2000Ware_5_04_00_00\driverlib\f28002x\driverlib\ccs\Debug\</path>
         <kind>archive</kind>
         <file>driverlib.lib</file>
         <name>adc.obj</name>
      </input_file>
      <input_file id="fl-e">
         <path>C:\ti\C2000Ware_5_04_00_00\driverlib\f28002x\driverlib\ccs\Debug\</path>
         <kind>archive</kind>
         <file>driverlib.lib</file>
         <name>dcc.obj</name>
      </input_file>
      <input_file id="fl-f">
         <path>C:\ti\C2000Ware_5_04_00_00\driverlib\f28002x\driverlib\ccs\Debug\</path>
         <kind>archive</kind>
         <file>driverlib.lib</file>
         <name>gpio.obj</name>
      </input_file>
      <input_file id="fl-10">
         <path>C:\ti\C2000Ware_5_04_00_00\driverlib\f28002x\driverlib\ccs\Debug\</path>
         <kind>archive</kind>
         <file>driverlib.lib</file>
         <name>interrupt.obj</name>
      </input_file>
      <input_file id="fl-11">
         <path>C:\ti\C2000Ware_5_04_00_00\driverlib\f28002x\driverlib\ccs\Debug\</path>
         <kind>archive</kind>
         <file>driverlib.lib</file>
         <name>sci.obj</name>
      </input_file>
      <input_file id="fl-12">
         <path>C:\ti\C2000Ware_5_04_00_00\driverlib\f28002x\driverlib\ccs\Debug\</path>
         <kind>archive</kind>
         <file>driverlib.lib</file>
         <name>sysctl.obj</name>
      </input_file>
      <input_file id="fl-1e">
         <path>C:\ti\ccs2010\ccs\tools\compiler\ti-cgt-c2000_22.6.1.LTS\lib\</path>
         <kind>archive</kind>
         <file>rts2800_fpu32_eabi.lib</file>
         <name>sprintf.c.obj</name>
      </input_file>
      <input_file id="fl-1f">
         <path>C:\ti\ccs2010\ccs\tools\compiler\ti-cgt-c2000_22.6.1.LTS\lib\</path>
         <kind>archive</kind>
         <file>rts2800_fpu32_eabi.lib</file>
         <name>boot28.asm.obj</name>
      </input_file>
      <input_file id="fl-20">
         <path>C:\ti\ccs2010\ccs\tools\compiler\ti-cgt-c2000_22.6.1.LTS\lib\</path>
         <kind>archive</kind>
         <file>rts2800_fpu32_eabi.lib</file>
         <name>fs_div28.asm.obj</name>
      </input_file>
      <input_file id="fl-21">
         <path>C:\ti\ccs2010\ccs\tools\compiler\ti-cgt-c2000_22.6.1.LTS\lib\</path>
         <kind>archive</kind>
         <file>rts2800_fpu32_eabi.lib</file>
         <name>memcpy.c.obj</name>
      </input_file>
      <input_file id="fl-22">
         <path>C:\ti\ccs2010\ccs\tools\compiler\ti-cgt-c2000_22.6.1.LTS\lib\</path>
         <kind>archive</kind>
         <file>rts2800_fpu32_eabi.lib</file>
         <name>pre_init.c.obj</name>
      </input_file>
      <input_file id="fl-23">
         <path>C:\ti\ccs2010\ccs\tools\compiler\ti-cgt-c2000_22.6.1.LTS\lib\</path>
         <kind>archive</kind>
         <file>rts2800_fpu32_eabi.lib</file>
         <name>autoinit.c.obj</name>
      </input_file>
      <input_file id="fl-24">
         <path>C:\ti\ccs2010\ccs\tools\compiler\ti-cgt-c2000_22.6.1.LTS\lib\</path>
         <kind>archive</kind>
         <file>rts2800_fpu32_eabi.lib</file>
         <name>copy_zero_init.c.obj</name>
      </input_file>
      <input_file id="fl-25">
         <path>C:\ti\ccs2010\ccs\tools\compiler\ti-cgt-c2000_22.6.1.LTS\lib\</path>
         <kind>archive</kind>
         <file>rts2800_fpu32_eabi.lib</file>
         <name>copy_decompress_none.c.obj</name>
      </input_file>
      <input_file id="fl-26">
         <path>C:\ti\ccs2010\ccs\tools\compiler\ti-cgt-c2000_22.6.1.LTS\lib\</path>
         <kind>archive</kind>
         <file>rts2800_fpu32_eabi.lib</file>
         <name>copy_decompress_lzss.c.obj</name>
      </input_file>
      <input_file id="fl-27">
         <path>C:\ti\ccs2010\ccs\tools\compiler\ti-cgt-c2000_22.6.1.LTS\lib\</path>
         <kind>archive</kind>
         <file>rts2800_fpu32_eabi.lib</file>
         <name>exit.c.obj</name>
      </input_file>
      <input_file id="fl-28">
         <path>C:\ti\ccs2010\ccs\tools\compiler\ti-cgt-c2000_22.6.1.LTS\lib\</path>
         <kind>archive</kind>
         <file>rts2800_fpu32_eabi.lib</file>
         <name>_lock.c.obj</name>
      </input_file>
      <input_file id="fl-29">
         <path>C:\ti\ccs2010\ccs\tools\compiler\ti-cgt-c2000_22.6.1.LTS\lib\</path>
         <kind>archive</kind>
         <file>rts2800_fpu32_eabi.lib</file>
         <name>args_main.c.obj</name>
      </input_file>
      <input_file id="fl-2a">
         <path>C:\ti\ccs2010\ccs\tools\compiler\ti-cgt-c2000_22.6.1.LTS\lib\</path>
         <kind>archive</kind>
         <file>rts2800_fpu32_eabi.lib</file>
         <name>memset.c.obj</name>
      </input_file>
      <input_file id="fl-2b">
         <path>C:\ti\ccs2010\ccs\tools\compiler\ti-cgt-c2000_22.6.1.LTS\lib\</path>
         <kind>archive</kind>
         <file>rts2800_fpu32_eabi.lib</file>
         <name>strlen.c.obj</name>
      </input_file>
      <input_file id="fl-2c">
         <path>C:\ti\ccs2010\ccs\tools\compiler\ti-cgt-c2000_22.6.1.LTS\lib\</path>
         <kind>archive</kind>
         <file>rts2800_fpu32_eabi.lib</file>
         <name>_printfi.c.obj</name>
      </input_file>
      <input_file id="fl-2d">
         <path>C:\ti\ccs2010\ccs\tools\compiler\ti-cgt-c2000_22.6.1.LTS\lib\</path>
         <kind>archive</kind>
         <file>rts2800_fpu32_eabi.lib</file>
         <name>fd_cmp28.asm.obj</name>
      </input_file>
      <input_file id="fl-2e">
         <path>C:\ti\ccs2010\ccs\tools\compiler\ti-cgt-c2000_22.6.1.LTS\lib\</path>
         <kind>archive</kind>
         <file>rts2800_fpu32_eabi.lib</file>
         <name>fd_mpy28.asm.obj</name>
      </input_file>
      <input_file id="fl-2f">
         <path>C:\ti\ccs2010\ccs\tools\compiler\ti-cgt-c2000_22.6.1.LTS\lib\</path>
         <kind>archive</kind>
         <file>rts2800_fpu32_eabi.lib</file>
         <name>fd_neg28.asm.obj</name>
      </input_file>
      <input_file id="fl-30">
         <path>C:\ti\ccs2010\ccs\tools\compiler\ti-cgt-c2000_22.6.1.LTS\lib\</path>
         <kind>archive</kind>
         <file>rts2800_fpu32_eabi.lib</file>
         <name>fd_sub28.asm.obj</name>
      </input_file>
      <input_file id="fl-31">
         <path>C:\ti\ccs2010\ccs\tools\compiler\ti-cgt-c2000_22.6.1.LTS\lib\</path>
         <kind>archive</kind>
         <file>rts2800_fpu32_eabi.lib</file>
         <name>fd_toi28.asm.obj</name>
      </input_file>
      <input_file id="fl-32">
         <path>C:\ti\ccs2010\ccs\tools\compiler\ti-cgt-c2000_22.6.1.LTS\lib\</path>
         <kind>archive</kind>
         <file>rts2800_fpu32_eabi.lib</file>
         <name>fd_tol28.asm.obj</name>
      </input_file>
      <input_file id="fl-33">
         <path>C:\ti\ccs2010\ccs\tools\compiler\ti-cgt-c2000_22.6.1.LTS\lib\</path>
         <kind>archive</kind>
         <file>rts2800_fpu32_eabi.lib</file>
         <name>ll_aox28.asm.obj</name>
      </input_file>
      <input_file id="fl-34">
         <path>C:\ti\ccs2010\ccs\tools\compiler\ti-cgt-c2000_22.6.1.LTS\lib\</path>
         <kind>archive</kind>
         <file>rts2800_fpu32_eabi.lib</file>
         <name>ll_cmp28.asm.obj</name>
      </input_file>
      <input_file id="fl-35">
         <path>C:\ti\ccs2010\ccs\tools\compiler\ti-cgt-c2000_22.6.1.LTS\lib\</path>
         <kind>archive</kind>
         <file>rts2800_fpu32_eabi.lib</file>
         <name>ll_div28.asm.obj</name>
      </input_file>
      <input_file id="fl-36">
         <path>C:\ti\ccs2010\ccs\tools\compiler\ti-cgt-c2000_22.6.1.LTS\lib\</path>
         <kind>archive</kind>
         <file>rts2800_fpu32_eabi.lib</file>
         <name>i_tofd28.asm.obj</name>
      </input_file>
      <input_file id="fl-37">
         <path>C:\ti\ccs2010\ccs\tools\compiler\ti-cgt-c2000_22.6.1.LTS\lib\</path>
         <kind>archive</kind>
         <file>rts2800_fpu32_eabi.lib</file>
         <name>l_tofd28.asm.obj</name>
      </input_file>
      <input_file id="fl-38">
         <path>C:\ti\ccs2010\ccs\tools\compiler\ti-cgt-c2000_22.6.1.LTS\lib\</path>
         <kind>archive</kind>
         <file>rts2800_fpu32_eabi.lib</file>
         <name>fd_div28.asm.obj</name>
      </input_file>
      <input_file id="fl-39">
         <path>C:\ti\ccs2010\ccs\tools\compiler\ti-cgt-c2000_22.6.1.LTS\lib\</path>
         <kind>archive</kind>
         <file>rts2800_fpu32_eabi.lib</file>
         <name>cpy_tbl.c.obj</name>
      </input_file>
      <input_file id="fl-3a">
         <path>C:\ti\ccs2010\ccs\tools\compiler\ti-cgt-c2000_22.6.1.LTS\lib\</path>
         <kind>archive</kind>
         <file>rts2800_fpu32_eabi.lib</file>
         <name>startup.c.obj</name>
      </input_file>
      <input_file id="fl-3b">
         <path>C:\ti\ccs2010\ccs\tools\compiler\ti-cgt-c2000_22.6.1.LTS\lib\</path>
         <kind>archive</kind>
         <file>rts2800_fpu32_eabi.lib</file>
         <name>_ltoa.c.obj</name>
      </input_file>
      <input_file id="fl-3c">
         <path>C:\ti\ccs2010\ccs\tools\compiler\ti-cgt-c2000_22.6.1.LTS\lib\</path>
         <kind>archive</kind>
         <file>rts2800_fpu32_eabi.lib</file>
         <name>atoi.c.obj</name>
      </input_file>
      <input_file id="fl-3d">
         <path>C:\ti\ccs2010\ccs\tools\compiler\ti-cgt-c2000_22.6.1.LTS\lib\</path>
         <kind>archive</kind>
         <file>rts2800_fpu32_eabi.lib</file>
         <name>ctype.c.obj</name>
      </input_file>
      <input_file id="fl-3e">
         <path>C:\ti\ccs2010\ccs\tools\compiler\ti-cgt-c2000_22.6.1.LTS\lib\</path>
         <kind>archive</kind>
         <file>rts2800_fpu32_eabi.lib</file>
         <name>memccpy.c.obj</name>
      </input_file>
      <input_file id="fl-3f">
         <path>C:\ti\ccs2010\ccs\tools\compiler\ti-cgt-c2000_22.6.1.LTS\lib\</path>
         <kind>archive</kind>
         <file>rts2800_fpu32_eabi.lib</file>
         <name>strchr.c.obj</name>
      </input_file>
      <input_file id="fl-40">
         <path>C:\ti\ccs2010\ccs\tools\compiler\ti-cgt-c2000_22.6.1.LTS\lib\</path>
         <kind>archive</kind>
         <file>rts2800_fpu32_eabi.lib</file>
         <name>strcpy.c.obj</name>
      </input_file>
      <input_file id="fl-41">
         <path>C:\ti\ccs2010\ccs\tools\compiler\ti-cgt-c2000_22.6.1.LTS\lib\</path>
         <kind>archive</kind>
         <file>rts2800_fpu32_eabi.lib</file>
         <name>errno.c.obj</name>
      </input_file>
      <input_file id="fl-42">
         <path>C:\ti\ccs2010\ccs\tools\compiler\ti-cgt-c2000_22.6.1.LTS\lib\</path>
         <kind>archive</kind>
         <file>rts2800_fpu32_eabi.lib</file>
         <name>s_frexp.c.obj</name>
      </input_file>
      <input_file id="fl-43">
         <path>C:\ti\ccs2010\ccs\tools\compiler\ti-cgt-c2000_22.6.1.LTS\lib\</path>
         <kind>archive</kind>
         <file>rts2800_fpu32_eabi.lib</file>
         <name>s_scalbn.c.obj</name>
      </input_file>
      <input_file id="fl-44">
         <path>C:\ti\ccs2010\ccs\tools\compiler\ti-cgt-c2000_22.6.1.LTS\lib\</path>
         <kind>archive</kind>
         <file>rts2800_fpu32_eabi.lib</file>
         <name>wcslen.c.obj</name>
      </input_file>
      <input_file id="fl-45">
         <path>C:\ti\ccs2010\ccs\tools\compiler\ti-cgt-c2000_22.6.1.LTS\lib\</path>
         <kind>archive</kind>
         <file>rts2800_fpu32_eabi.lib</file>
         <name>fd_add28.asm.obj</name>
      </input_file>
      <input_file id="fl-46">
         <path>C:\ti\ccs2010\ccs\tools\compiler\ti-cgt-c2000_22.6.1.LTS\lib\</path>
         <kind>archive</kind>
         <file>rts2800_fpu32_eabi.lib</file>
         <name>l_div28.asm.obj</name>
      </input_file>
      <input_file id="fl-47">
         <path>C:\ti\ccs2010\ccs\tools\compiler\ti-cgt-c2000_22.6.1.LTS\lib\</path>
         <kind>archive</kind>
         <file>rts2800_fpu32_eabi.lib</file>
         <name>s_copysign.c.obj</name>
      </input_file>
   </input_file_list>
   <object_component_list>
      <object_component id="oc-103">
         <name>.text:ADC_isBaseValid</name>
         <load_address>0x24ff</load_address>
         <run_address>0x24ff</run_address>
         <size>0x13</size>
         <input_file_ref idref="fl-2"/>
      </object_component>
      <object_component id="oc-89">
         <name>.text:ADC_clearInterruptStatus</name>
         <load_address>0x2424</load_address>
         <run_address>0x2424</run_address>
         <size>0x14</size>
         <input_file_ref idref="fl-2"/>
      </object_component>
      <object_component id="oc-8f">
         <name>.text:ADC_getInterruptOverflowStatus</name>
         <load_address>0x20b8</load_address>
         <run_address>0x20b8</run_address>
         <size>0x1d</size>
         <input_file_ref idref="fl-2"/>
      </object_component>
      <object_component id="oc-95">
         <name>.text:ADC_clearInterruptOverflowStatus</name>
         <load_address>0x2410</load_address>
         <run_address>0x2410</run_address>
         <size>0x14</size>
         <input_file_ref idref="fl-2"/>
      </object_component>
      <object_component id="oc-6d">
         <name>.text:ADC_readResult</name>
         <load_address>0x2324</load_address>
         <run_address>0x2324</run_address>
         <size>0x16</size>
         <input_file_ref idref="fl-2"/>
      </object_component>
      <object_component id="oc-9b">
         <name>.text:Interrupt_clearACKGroup</name>
         <load_address>0x26e0</load_address>
         <run_address>0x26e0</run_address>
         <size>0x6</size>
         <input_file_ref idref="fl-2"/>
      </object_component>
      <object_component id="oc-34f">
         <name>.text:EPWM_isBaseValid</name>
         <load_address>0x1ea3</load_address>
         <run_address>0x1ea3</run_address>
         <size>0x27</size>
         <input_file_ref idref="fl-2"/>
      </object_component>
      <object_component id="oc-33c">
         <name>.text:EPWM_setClockPrescaler</name>
         <load_address>0x2180</load_address>
         <run_address>0x2180</run_address>
         <size>0x1c</size>
         <input_file_ref idref="fl-2"/>
      </object_component>
      <object_component id="oc-23a">
         <name>.text:EPWM_setTimeBaseCounterMode</name>
         <load_address>0x2474</load_address>
         <run_address>0x2474</run_address>
         <size>0x14</size>
         <input_file_ref idref="fl-2"/>
      </object_component>
      <object_component id="oc-330">
         <name>.text:EPWM_setTimeBasePeriod</name>
         <load_address>0x2488</load_address>
         <run_address>0x2488</run_address>
         <size>0x14</size>
         <input_file_ref idref="fl-2"/>
      </object_component>
      <object_component id="oc-343">
         <name>.text:EPWM_getTimeBasePeriod</name>
         <load_address>0x2571</load_address>
         <run_address>0x2571</run_address>
         <size>0x12</size>
         <input_file_ref idref="fl-2"/>
      </object_component>
      <object_component id="oc-32a">
         <name>.text:EPWM_setCounterCompareValue</name>
         <load_address>0x1f5d</load_address>
         <run_address>0x1f5d</run_address>
         <size>0x22</size>
         <input_file_ref idref="fl-2"/>
      </object_component>
      <object_component id="oc-336">
         <name>.text:EPWM_setActionQualifierAction</name>
         <load_address>0x1a07</load_address>
         <run_address>0x1a07</run_address>
         <size>0x40</size>
         <input_file_ref idref="fl-2"/>
      </object_component>
      <object_component id="oc-234">
         <name>.text:EPWM_enableADCTrigger</name>
         <load_address>0x2164</load_address>
         <run_address>0x2164</run_address>
         <size>0x1c</size>
         <input_file_ref idref="fl-2"/>
      </object_component>
      <object_component id="oc-318">
         <name>.text:EPWM_disableADCTrigger</name>
         <load_address>0x2148</load_address>
         <run_address>0x2148</run_address>
         <size>0x1c</size>
         <input_file_ref idref="fl-2"/>
      </object_component>
      <object_component id="oc-31e">
         <name>.text:EPWM_setADCTriggerSource</name>
         <load_address>0x14df</load_address>
         <run_address>0x14df</run_address>
         <size>0x75</size>
         <input_file_ref idref="fl-2"/>
      </object_component>
      <object_component id="oc-324">
         <name>.text:EPWM_setADCTriggerEventPrescale</name>
         <load_address>0x1b3a</load_address>
         <run_address>0x1b3a</run_address>
         <size>0x3a</size>
         <input_file_ref idref="fl-2"/>
      </object_component>
      <object_component id="oc-d3">
         <name>.text:GPIO_isPinValid</name>
         <load_address>0x249c</load_address>
         <run_address>0x249c</run_address>
         <size>0x14</size>
         <input_file_ref idref="fl-2"/>
      </object_component>
      <object_component id="oc-67">
         <name>.text:GPIO_togglePin</name>
         <load_address>0x1aff</load_address>
         <run_address>0x1aff</run_address>
         <size>0x3b</size>
         <input_file_ref idref="fl-2"/>
      </object_component>
      <object_component id="oc-19e">
         <name>.text:main</name>
         <load_address>0x1982</load_address>
         <run_address>0x1982</run_address>
         <size>0x44</size>
         <input_file_ref idref="fl-2"/>
      </object_component>
      <object_component id="oc-228">
         <name>.text:initEPWM</name>
         <load_address>0x1796</load_address>
         <run_address>0x1796</run_address>
         <size>0x49</size>
         <input_file_ref idref="fl-2"/>
      </object_component>
      <object_component id="oc-22e">
         <name>.text:setPWMDutyCycle</name>
         <load_address>0x1c4f</load_address>
         <run_address>0x1c4f</run_address>
         <size>0x34</size>
         <input_file_ref idref="fl-2"/>
      </object_component>
      <object_component id="oc-26">
         <name>.text:adcA1ISR</name>
         <load_address>0xffe</load_address>
         <run_address>0xffe</run_address>
         <size>0xbd</size>
         <input_file_ref idref="fl-2"/>
      </object_component>
      <object_component id="oc-536">
         <name>.text:ADC_isBaseValid</name>
         <load_address>0x2512</load_address>
         <run_address>0x2512</run_address>
         <size>0x13</size>
         <input_file_ref idref="fl-3"/>
      </object_component>
      <object_component id="oc-47e">
         <name>.text:ADC_setPrescaler</name>
         <load_address>0x2350</load_address>
         <run_address>0x2350</run_address>
         <size>0x16</size>
         <input_file_ref idref="fl-3"/>
      </object_component>
      <object_component id="oc-49c">
         <name>.text:ADC_setupSOC</name>
         <load_address>0x1826</load_address>
         <run_address>0x1826</run_address>
         <size>0x46</size>
         <input_file_ref idref="fl-3"/>
      </object_component>
      <object_component id="oc-4a2">
         <name>.text:ADC_setInterruptSOCTrigger</name>
         <load_address>0x1da6</load_address>
         <run_address>0x1da6</run_address>
         <size>0x2e</size>
         <input_file_ref idref="fl-3"/>
      </object_component>
      <object_component id="oc-484">
         <name>.text:ADC_setInterruptPulseMode</name>
         <load_address>0x233a</load_address>
         <run_address>0x233a</run_address>
         <size>0x16</size>
         <input_file_ref idref="fl-3"/>
      </object_component>
      <object_component id="oc-48a">
         <name>.text:ADC_enableConverter</name>
         <load_address>0x24ec</load_address>
         <run_address>0x24ec</run_address>
         <size>0x13</size>
         <input_file_ref idref="fl-3"/>
      </object_component>
      <object_component id="oc-4ae">
         <name>.text:ADC_clearInterruptStatus</name>
         <load_address>0x2438</load_address>
         <run_address>0x2438</run_address>
         <size>0x14</size>
         <input_file_ref idref="fl-3"/>
      </object_component>
      <object_component id="oc-490">
         <name>.text:ADC_disableBurstMode</name>
         <load_address>0x2392</load_address>
         <run_address>0x2392</run_address>
         <size>0x15</size>
         <input_file_ref idref="fl-3"/>
      </object_component>
      <object_component id="oc-496">
         <name>.text:ADC_setSOCPriority</name>
         <load_address>0x212c</load_address>
         <run_address>0x212c</run_address>
         <size>0x1c</size>
         <input_file_ref idref="fl-3"/>
      </object_component>
      <object_component id="oc-4ba">
         <name>.text:ADC_enableInterrupt</name>
         <load_address>0x1fc1</load_address>
         <run_address>0x1fc1</run_address>
         <size>0x20</size>
         <input_file_ref idref="fl-3"/>
      </object_component>
      <object_component id="oc-4a8">
         <name>.text:ADC_setInterruptSource</name>
         <load_address>0x1d77</load_address>
         <run_address>0x1d77</run_address>
         <size>0x2f</size>
         <input_file_ref idref="fl-3"/>
      </object_component>
      <object_component id="oc-4b4">
         <name>.text:ADC_disableContinuousMode</name>
         <load_address>0x1f7f</load_address>
         <run_address>0x1f7f</run_address>
         <size>0x21</size>
         <input_file_ref idref="fl-3"/>
      </object_component>
      <object_component id="oc-3d2">
         <name>.text:ASysCtl_disableTemperatureSensor</name>
         <load_address>0x26bd</load_address>
         <run_address>0x26bd</run_address>
         <size>0x7</size>
         <input_file_ref idref="fl-3"/>
      </object_component>
      <object_component id="oc-3d8">
         <name>.text:ASysCtl_setAnalogReferenceInternal</name>
         <load_address>0x221f</load_address>
         <run_address>0x221f</run_address>
         <size>0x18</size>
         <input_file_ref idref="fl-3"/>
      </object_component>
      <object_component id="oc-3de">
         <name>.text:ASysCtl_setAnalogReference1P65</name>
         <load_address>0x21b8</load_address>
         <run_address>0x21b8</run_address>
         <size>0x1a</size>
         <input_file_ref idref="fl-3"/>
      </object_component>
      <object_component id="oc-a9">
         <name>.text:Interrupt_register</name>
         <load_address>0x25b4</load_address>
         <run_address>0x25b4</run_address>
         <size>0xf</size>
         <input_file_ref idref="fl-3"/>
      </object_component>
      <object_component id="oc-54e">
         <name>.text:SCI_isBaseValid</name>
         <load_address>0x25c3</load_address>
         <run_address>0x25c3</run_address>
         <size>0xf</size>
         <input_file_ref idref="fl-3"/>
      </object_component>
      <object_component id="oc-4f2">
         <name>.text:SCI_setFIFOInterruptLevel</name>
         <load_address>0x1eca</load_address>
         <run_address>0x1eca</run_address>
         <size>0x26</size>
         <input_file_ref idref="fl-3"/>
      </object_component>
      <object_component id="oc-4fe">
         <name>.text:SCI_enableModule</name>
         <load_address>0x254b</load_address>
         <run_address>0x254b</run_address>
         <size>0x13</size>
         <input_file_ref idref="fl-3"/>
      </object_component>
      <object_component id="oc-4f8">
         <name>.text:SCI_enableFIFO</name>
         <load_address>0x20d5</load_address>
         <run_address>0x20d5</run_address>
         <size>0x1d</size>
         <input_file_ref idref="fl-3"/>
      </object_component>
      <object_component id="oc-4d4">
         <name>.text:SCI_resetRxFIFO</name>
         <load_address>0x2297</load_address>
         <run_address>0x2297</run_address>
         <size>0x18</size>
         <input_file_ref idref="fl-3"/>
      </object_component>
      <object_component id="oc-4ce">
         <name>.text:SCI_resetTxFIFO</name>
         <load_address>0x22af</load_address>
         <run_address>0x22af</run_address>
         <size>0x18</size>
         <input_file_ref idref="fl-3"/>
      </object_component>
      <object_component id="oc-4da">
         <name>.text:SCI_resetChannels</name>
         <load_address>0x227f</load_address>
         <run_address>0x227f</run_address>
         <size>0x18</size>
         <input_file_ref idref="fl-3"/>
      </object_component>
      <object_component id="oc-4ec">
         <name>.text:SCI_performSoftwareReset</name>
         <load_address>0x224f</load_address>
         <run_address>0x224f</run_address>
         <size>0x18</size>
         <input_file_ref idref="fl-3"/>
      </object_component>
      <object_component id="oc-4e6">
         <name>.text:SCI_disableLoopback</name>
         <load_address>0x2583</load_address>
         <run_address>0x2583</run_address>
         <size>0x11</size>
         <input_file_ref idref="fl-3"/>
      </object_component>
      <object_component id="oc-4c8">
         <name>.text:SCI_clearOverflowStatus</name>
         <load_address>0x2538</load_address>
         <run_address>0x2538</run_address>
         <size>0x13</size>
         <input_file_ref idref="fl-3"/>
      </object_component>
      <object_component id="oc-222">
         <name>.text:Board_init</name>
         <load_address>0x25ef</load_address>
         <run_address>0x25ef</run_address>
         <size>0xd</size>
         <input_file_ref idref="fl-3"/>
      </object_component>
      <object_component id="oc-2f9">
         <name>.text:PinMux_init</name>
         <load_address>0x10bb</load_address>
         <run_address>0x10bb</run_address>
         <size>0xaf</size>
         <input_file_ref idref="fl-3"/>
      </object_component>
      <object_component id="oc-305">
         <name>.text:ADC_init</name>
         <load_address>0x26e6</load_address>
         <run_address>0x26e6</run_address>
         <size>0x5</size>
         <input_file_ref idref="fl-3"/>
      </object_component>
      <object_component id="oc-3e5">
         <name>.text:myADC0_init</name>
         <load_address>0x15c7</load_address>
         <run_address>0x15c7</run_address>
         <size>0x69</size>
         <input_file_ref idref="fl-3"/>
      </object_component>
      <object_component id="oc-3eb">
         <name>.text:myADC1_init</name>
         <load_address>0x16ef</load_address>
         <run_address>0x16ef</run_address>
         <size>0x55</size>
         <input_file_ref idref="fl-3"/>
      </object_component>
      <object_component id="oc-2ff">
         <name>.text:ASYSCTL_init</name>
         <load_address>0x268a</load_address>
         <run_address>0x268a</run_address>
         <size>0x9</size>
         <input_file_ref idref="fl-3"/>
      </object_component>
      <object_component id="oc-2c">
         <name>.text:INTERRUPT_init</name>
         <load_address>0x25fc</load_address>
         <run_address>0x25fc</run_address>
         <size>0xd</size>
         <input_file_ref idref="fl-3"/>
      </object_component>
      <object_component id="oc-30b">
         <name>.text:SCI_init</name>
         <load_address>0x26f0</load_address>
         <run_address>0x26f0</run_address>
         <size>0x3</size>
         <input_file_ref idref="fl-3"/>
      </object_component>
      <object_component id="oc-3f2">
         <name>.text:mySCI0_init</name>
         <load_address>0x1ac2</load_address>
         <run_address>0x1ac2</run_address>
         <size>0x3d</size>
         <input_file_ref idref="fl-3"/>
      </object_component>
      <object_component id="oc-2df">
         <name>.text:ASysCtl_lockVREG</name>
         <load_address>0x26c4</load_address>
         <run_address>0x26c4</run_address>
         <size>0x7</size>
         <input_file_ref idref="fl-5"/>
      </object_component>
      <object_component id="oc-2d3">
         <name>.text:SysCtl_deviceCal</name>
         <load_address>0x24d8</load_address>
         <run_address>0x24d8</run_address>
         <size>0x14</size>
         <input_file_ref idref="fl-5"/>
      </object_component>
      <object_component id="oc-3be">
         <name>.text:SysCtl_enablePeripheral</name>
         <load_address>0x22df</load_address>
         <run_address>0x22df</run_address>
         <size>0x17</size>
         <input_file_ref idref="fl-5"/>
      </object_component>
      <object_component id="oc-2c0">
         <name>.text:SysCtl_setLowSpeedClock</name>
         <load_address>0x2623</load_address>
         <run_address>0x2623</run_address>
         <size>0xd</size>
         <input_file_ref idref="fl-5"/>
      </object_component>
      <object_component id="oc-2b4">
         <name>.text:SysCtl_disableWatchdog</name>
         <load_address>0x2655</load_address>
         <run_address>0x2655</run_address>
         <size>0xb</size>
         <input_file_ref idref="fl-5"/>
      </object_component>
      <object_component id="oc-2e6">
         <name>.text:GPIO_unlockPortConfig</name>
         <load_address>0x23fb</load_address>
         <run_address>0x23fb</run_address>
         <size>0x15</size>
         <input_file_ref idref="fl-5"/>
      </object_component>
      <object_component id="oc-1fe">
         <name>.text:Device_init</name>
         <load_address>0x1c19</load_address>
         <run_address>0x1c19</run_address>
         <size>0x36</size>
         <input_file_ref idref="fl-5"/>
      </object_component>
      <object_component id="oc-2d9">
         <name>.text:Device_enableAllPeripherals</name>
         <load_address>0x12af</load_address>
         <run_address>0x12af</run_address>
         <size>0x9a</size>
         <input_file_ref idref="fl-5"/>
      </object_component>
      <object_component id="oc-204">
         <name>.text:Device_initGPIO</name>
         <load_address>0x2594</load_address>
         <run_address>0x2594</run_address>
         <size>0x10</size>
         <input_file_ref idref="fl-5"/>
      </object_component>
      <object_component id="oc-d9">
         <name>.text:__error__</name>
         <load_address>0x26d2</load_address>
         <run_address>0x26d2</run_address>
         <size>0x7</size>
         <input_file_ref idref="fl-5"/>
      </object_component>
      <object_component id="oc-61">
         <name>.text</name>
         <load_address>0x26ad</load_address>
         <run_address>0x26ad</run_address>
         <size>0x8</size>
         <input_file_ref idref="fl-6"/>
      </object_component>
      <object_component id="oc-527">
         <name>.text:ADC_isBaseValid</name>
         <load_address>0x2525</load_address>
         <run_address>0x2525</run_address>
         <size>0x13</size>
         <input_file_ref idref="fl-d"/>
      </object_component>
      <object_component id="oc-478">
         <name>.text:ADC_setVREF</name>
         <load_address>0x1e7c</load_address>
         <run_address>0x1e7c</run_address>
         <size>0x27</size>
         <input_file_ref idref="fl-d"/>
      </object_component>
      <object_component id="oc-52e">
         <name>.text:ADC_setOffsetTrimAll</name>
         <load_address>0x1fe1</load_address>
         <run_address>0x1fe1</run_address>
         <size>0x20</size>
         <input_file_ref idref="fl-d"/>
      </object_component>
      <object_component id="oc-2f0">
         <name>.text:GPIO_isPinValid</name>
         <load_address>0x24b0</load_address>
         <run_address>0x24b0</run_address>
         <size>0x14</size>
         <input_file_ref idref="fl-f"/>
      </object_component>
      <object_component id="oc-216">
         <name>.text:GPIO_setDirectionMode</name>
         <load_address>0x1cb5</load_address>
         <run_address>0x1cb5</run_address>
         <size>0x31</size>
         <input_file_ref idref="fl-f"/>
      </object_component>
      <object_component id="oc-21c">
         <name>.text:GPIO_setPadConfig</name>
         <load_address>0x1744</load_address>
         <run_address>0x1744</run_address>
         <size>0x52</size>
         <input_file_ref idref="fl-f"/>
      </object_component>
      <object_component id="oc-312">
         <name>.text:GPIO_setQualificationMode</name>
         <load_address>0x1bab</load_address>
         <run_address>0x1bab</run_address>
         <size>0x37</size>
         <input_file_ref idref="fl-f"/>
      </object_component>
      <object_component id="oc-3cb">
         <name>.text:GPIO_setAnalogMode</name>
         <load_address>0x186c</load_address>
         <run_address>0x186c</run_address>
         <size>0x46</size>
         <input_file_ref idref="fl-f"/>
      </object_component>
      <object_component id="oc-210">
         <name>.text:GPIO_setPinConfig</name>
         <load_address>0x1b74</load_address>
         <run_address>0x1b74</run_address>
         <size>0x37</size>
         <input_file_ref idref="fl-f"/>
      </object_component>
      <object_component id="oc-11b">
         <name>.text:Interrupt_enableGlobal</name>
         <load_address>0x2616</load_address>
         <run_address>0x2616</run_address>
         <size>0xd</size>
         <input_file_ref idref="fl-10"/>
      </object_component>
      <object_component id="oc-115">
         <name>.text:Interrupt_disableGlobal</name>
         <load_address>0x2609</load_address>
         <run_address>0x2609</run_address>
         <size>0xd</size>
         <input_file_ref idref="fl-10"/>
      </object_component>
      <object_component id="oc-20a">
         <name>.text:Interrupt_initModule</name>
         <load_address>0x1a85</load_address>
         <run_address>0x1a85</run_address>
         <size>0x3d</size>
         <input_file_ref idref="fl-10"/>
      </object_component>
      <object_component id="oc-32">
         <name>.text:Interrupt_defaultHandler</name>
         <load_address>0x237c</load_address>
         <run_address>0x237c</run_address>
         <size>0x16</size>
         <input_file_ref idref="fl-10"/>
      </object_component>
      <object_component id="oc-3e">
         <name>.text:Interrupt_illegalOperationHandler</name>
         <load_address>0x2676</load_address>
         <run_address>0x2676</run_address>
         <size>0xa</size>
         <input_file_ref idref="fl-10"/>
      </object_component>
      <object_component id="oc-44">
         <name>.text:Interrupt_nmiHandler</name>
         <load_address>0x2680</load_address>
         <run_address>0x2680</run_address>
         <size>0xa</size>
         <input_file_ref idref="fl-10"/>
      </object_component>
      <object_component id="oc-34">
         <name>.text:Interrupt_initVectorTable</name>
         <load_address>0x207c</load_address>
         <run_address>0x207c</run_address>
         <size>0x1e</size>
         <input_file_ref idref="fl-10"/>
      </object_component>
      <object_component id="oc-af">
         <name>.text:Interrupt_enable</name>
         <load_address>0x1be2</load_address>
         <run_address>0x1be2</run_address>
         <size>0x37</size>
         <input_file_ref idref="fl-10"/>
      </object_component>
      <object_component id="oc-e8">
         <name>.text:SCI_isBaseValid</name>
         <load_address>0x25d2</load_address>
         <run_address>0x25d2</run_address>
         <size>0xf</size>
         <input_file_ref idref="fl-11"/>
      </object_component>
      <object_component id="oc-55e">
         <name>.text:SCI_enableModule</name>
         <load_address>0x255e</load_address>
         <run_address>0x255e</run_address>
         <size>0x13</size>
         <input_file_ref idref="fl-11"/>
      </object_component>
      <object_component id="oc-558">
         <name>.text:SCI_disableModule</name>
         <load_address>0x2237</load_address>
         <run_address>0x2237</run_address>
         <size>0x18</size>
         <input_file_ref idref="fl-11"/>
      </object_component>
      <object_component id="oc-ef">
         <name>.text:SCI_isFIFOEnabled</name>
         <load_address>0x2001</load_address>
         <run_address>0x2001</run_address>
         <size>0x20</size>
         <input_file_ref idref="fl-11"/>
      </object_component>
      <object_component id="oc-fb">
         <name>.text:SCI_isSpaceAvailableNonFIFO</name>
         <load_address>0x21d2</load_address>
         <run_address>0x21d2</run_address>
         <size>0x1a</size>
         <input_file_ref idref="fl-11"/>
      </object_component>
      <object_component id="oc-f5">
         <name>.text:SCI_getTxFIFOStatus</name>
         <load_address>0x24c4</load_address>
         <run_address>0x24c4</run_address>
         <size>0x14</size>
         <input_file_ref idref="fl-11"/>
      </object_component>
      <object_component id="oc-547">
         <name>.text:SCI_performSoftwareReset</name>
         <load_address>0x2267</load_address>
         <run_address>0x2267</run_address>
         <size>0x18</size>
         <input_file_ref idref="fl-11"/>
      </object_component>
      <object_component id="oc-4e0">
         <name>.text:SCI_setConfig</name>
         <load_address>0x1a47</load_address>
         <run_address>0x1a47</run_address>
         <size>0x3e</size>
         <input_file_ref idref="fl-11"/>
      </object_component>
      <object_component id="oc-83">
         <name>.text:SCI_writeCharArray</name>
         <load_address>0x19c6</load_address>
         <run_address>0x19c6</run_address>
         <size>0x41</size>
         <input_file_ref idref="fl-11"/>
      </object_component>
      <object_component id="oc-4c2">
         <name>.text:SCI_clearInterruptStatus</name>
         <load_address>0x18f8</load_address>
         <run_address>0x18f8</run_address>
         <size>0x45</size>
         <input_file_ref idref="fl-11"/>
      </object_component>
      <object_component id="oc-42c">
         <name>.text:SysCtl_enablePeripheral</name>
         <load_address>0x22f6</load_address>
         <run_address>0x22f6</run_address>
         <size>0x17</size>
         <input_file_ref idref="fl-12"/>
      </object_component>
      <object_component id="oc-39f">
         <name>.text:SysCtl_isMCDClockFailureDetected</name>
         <load_address>0x2660</load_address>
         <run_address>0x2660</run_address>
         <size>0xb</size>
         <input_file_ref idref="fl-12"/>
      </object_component>
      <object_component id="oc-50e">
         <name>.text:SysCtl_resetMCD</name>
         <load_address>0x26cb</load_address>
         <run_address>0x26cb</run_address>
         <size>0x7</size>
         <input_file_ref idref="fl-12"/>
      </object_component>
      <object_component id="oc-3ac">
         <name>.text:SysCtl_setPLLSysClk</name>
         <load_address>0x2206</load_address>
         <run_address>0x2206</run_address>
         <size>0x19</size>
         <input_file_ref idref="fl-12"/>
      </object_component>
      <object_component id="oc-517">
         <name>.text:DCC_isBaseValid</name>
         <load_address>0x23e6</load_address>
         <run_address>0x23e6</run_address>
         <size>0x15</size>
         <input_file_ref idref="fl-12"/>
      </object_component>
      <object_component id="oc-468">
         <name>.text:DCC_enableModule</name>
         <load_address>0x2460</load_address>
         <run_address>0x2460</run_address>
         <size>0x14</size>
         <input_file_ref idref="fl-12"/>
      </object_component>
      <object_component id="oc-43e">
         <name>.text:DCC_disableModule</name>
         <load_address>0x244c</load_address>
         <run_address>0x244c</run_address>
         <size>0x14</size>
         <input_file_ref idref="fl-12"/>
      </object_component>
      <object_component id="oc-444">
         <name>.text:DCC_disableErrorSignal</name>
         <load_address>0x23d1</load_address>
         <run_address>0x23d1</run_address>
         <size>0x15</size>
         <input_file_ref idref="fl-12"/>
      </object_component>
      <object_component id="oc-44a">
         <name>.text:DCC_disableDoneSignal</name>
         <load_address>0x2366</load_address>
         <run_address>0x2366</run_address>
         <size>0x16</size>
         <input_file_ref idref="fl-12"/>
      </object_component>
      <object_component id="oc-462">
         <name>.text:DCC_enableSingleShotMode</name>
         <load_address>0x1f15</load_address>
         <run_address>0x1f15</run_address>
         <size>0x24</size>
         <input_file_ref idref="fl-12"/>
      </object_component>
      <object_component id="oc-432">
         <name>.text:DCC_clearErrorFlag</name>
         <load_address>0x23bc</load_address>
         <run_address>0x23bc</run_address>
         <size>0x15</size>
         <input_file_ref idref="fl-12"/>
      </object_component>
      <object_component id="oc-438">
         <name>.text:DCC_clearDoneFlag</name>
         <load_address>0x23a7</load_address>
         <run_address>0x23a7</run_address>
         <size>0x15</size>
         <input_file_ref idref="fl-12"/>
      </object_component>
      <object_component id="oc-456">
         <name>.text:DCC_setCounter1ClkSource</name>
         <load_address>0x205e</load_address>
         <run_address>0x205e</run_address>
         <size>0x1e</size>
         <input_file_ref idref="fl-12"/>
      </object_component>
      <object_component id="oc-450">
         <name>.text:DCC_setCounter0ClkSource</name>
         <load_address>0x2040</load_address>
         <run_address>0x2040</run_address>
         <size>0x1e</size>
         <input_file_ref idref="fl-12"/>
      </object_component>
      <object_component id="oc-45c">
         <name>.text:DCC_setCounterSeeds</name>
         <load_address>0x1554</load_address>
         <run_address>0x1554</run_address>
         <size>0x73</size>
         <input_file_ref idref="fl-12"/>
      </object_component>
      <object_component id="oc-508">
         <name>.text:SysCtl_pollX1Counter</name>
         <load_address>0x193d</load_address>
         <run_address>0x193d</run_address>
         <size>0x45</size>
         <input_file_ref idref="fl-12"/>
      </object_component>
      <object_component id="oc-2c6">
         <name>.text:SysCtl_getClock</name>
         <load_address>0x1630</load_address>
         <run_address>0x1630</run_address>
         <size>0x65</size>
         <input_file_ref idref="fl-12"/>
      </object_component>
      <object_component id="oc-2ba">
         <name>.text:SysCtl_setClock</name>
         <load_address>0xcd6</load_address>
         <run_address>0xcd6</run_address>
         <size>0x123</size>
         <input_file_ref idref="fl-12"/>
      </object_component>
      <object_component id="oc-41e">
         <name>.text:SysCtl_selectXTAL</name>
         <load_address>0x18b2</load_address>
         <run_address>0x18b2</run_address>
         <size>0x46</size>
         <input_file_ref idref="fl-12"/>
      </object_component>
      <object_component id="oc-424">
         <name>.text:SysCtl_selectXTALSingleEnded</name>
         <load_address>0x1ef0</load_address>
         <run_address>0x1ef0</run_address>
         <size>0x25</size>
         <input_file_ref idref="fl-12"/>
      </object_component>
      <object_component id="oc-3a6">
         <name>.text:SysCtl_selectOscSource</name>
         <load_address>0x17df</load_address>
         <run_address>0x17df</run_address>
         <size>0x47</size>
         <input_file_ref idref="fl-12"/>
      </object_component>
      <object_component id="oc-2cd">
         <name>.text:SysCtl_getLowSpeedClock</name>
         <load_address>0x21ec</load_address>
         <run_address>0x21ec</run_address>
         <size>0x1a</size>
         <input_file_ref idref="fl-12"/>
      </object_component>
      <object_component id="oc-3b2">
         <name>.text:SysCtl_isPLLValid</name>
         <load_address>0xf00</load_address>
         <run_address>0xf00</run_address>
         <size>0xfe</size>
         <input_file_ref idref="fl-12"/>
      </object_component>
      <object_component id="oc-77">
         <name>.text</name>
         <load_address>0x1c83</load_address>
         <run_address>0x1c83</run_address>
         <size>0x32</size>
         <input_file_ref idref="fl-1e"/>
      </object_component>
      <object_component id="oc-cd">
         <name>.text</name>
         <load_address>0x230d</load_address>
         <run_address>0x230d</run_address>
         <size>0x17</size>
         <input_file_ref idref="fl-1f"/>
      </object_component>
      <object_component id="oc-349">
         <name>.text</name>
         <load_address>0x13d4</load_address>
         <run_address>0x13d4</run_address>
         <size>0x88</size>
         <input_file_ref idref="fl-20"/>
      </object_component>
      <object_component id="oc-4d">
         <name>.text</name>
         <load_address>0x210f</load_address>
         <run_address>0x210f</run_address>
         <size>0x1d</size>
         <input_file_ref idref="fl-21"/>
      </object_component>
      <object_component id="oc-130">
         <name>.text</name>
         <load_address>0x26f3</load_address>
         <run_address>0x26f3</run_address>
         <size>0x2</size>
         <input_file_ref idref="fl-22"/>
      </object_component>
      <object_component id="oc-16e">
         <name>.text:__TI_auto_init_nobinit_nopinit</name>
         <load_address>0x1dd4</load_address>
         <run_address>0x1dd4</run_address>
         <size>0x2b</size>
         <input_file_ref idref="fl-23"/>
      </object_component>
      <object_component id="oc-55">
         <name>.text:decompress:ZI:__TI_zero_init_nomemset</name>
         <load_address>0x2630</load_address>
         <run_address>0x2630</run_address>
         <size>0xd</size>
         <input_file_ref idref="fl-24"/>
      </object_component>
      <object_component id="oc-1a">
         <name>.text:decompress:none</name>
         <load_address>0x26a5</load_address>
         <run_address>0x26a5</run_address>
         <size>0x8</size>
         <input_file_ref idref="fl-25"/>
      </object_component>
      <object_component id="oc-14">
         <name>.text:decompress:lzss</name>
         <load_address>0x1d17</load_address>
         <run_address>0x1d17</run_address>
         <size>0x30</size>
         <input_file_ref idref="fl-26"/>
      </object_component>
      <object_component id="oc-13d">
         <name>.text</name>
         <load_address>0x1e53</load_address>
         <run_address>0x1e53</run_address>
         <size>0x29</size>
         <input_file_ref idref="fl-27"/>
      </object_component>
      <object_component id="oc-246">
         <name>.text</name>
         <load_address>0x2693</load_address>
         <run_address>0x2693</run_address>
         <size>0x9</size>
         <input_file_ref idref="fl-28"/>
      </object_component>
      <object_component id="oc-137">
         <name>.text</name>
         <load_address>0x263d</load_address>
         <run_address>0x263d</run_address>
         <size>0xc</size>
         <input_file_ref idref="fl-29"/>
      </object_component>
      <object_component id="oc-c6">
         <name>.text</name>
         <load_address>0x26d9</load_address>
         <run_address>0x26d9</run_address>
         <size>0x7</size>
         <input_file_ref idref="fl-2a"/>
      </object_component>
      <object_component id="oc-7d">
         <name>.text</name>
         <load_address>0x26b5</load_address>
         <run_address>0x26b5</run_address>
         <size>0x8</size>
         <input_file_ref idref="fl-2b"/>
      </object_component>
      <object_component id="oc-1df">
         <name>.text</name>
         <load_address>0x0</load_address>
         <run_address>0x0</run_address>
         <size>0x6c2</size>
         <input_file_ref idref="fl-2c"/>
      </object_component>
      <object_component id="oc-153">
         <name>.text:__TI_printfi</name>
         <load_address>0x6c2</load_address>
         <run_address>0x6c2</run_address>
         <size>0x614</size>
         <input_file_ref idref="fl-2c"/>
      </object_component>
      <object_component id="oc-267">
         <name>.text</name>
         <load_address>0x1dff</load_address>
         <run_address>0x1dff</run_address>
         <size>0x2a</size>
         <input_file_ref idref="fl-2d"/>
      </object_component>
      <object_component id="oc-276">
         <name>.text</name>
         <load_address>0x145c</load_address>
         <run_address>0x145c</run_address>
         <size>0x83</size>
         <input_file_ref idref="fl-2e"/>
      </object_component>
      <object_component id="oc-26c">
         <name>.text</name>
         <load_address>0x269c</load_address>
         <run_address>0x269c</run_address>
         <size>0x9</size>
         <input_file_ref idref="fl-2f"/>
      </object_component>
      <object_component id="oc-28b">
         <name>.text</name>
         <load_address>0x25e1</load_address>
         <run_address>0x25e1</run_address>
         <size>0xe</size>
         <input_file_ref idref="fl-30"/>
      </object_component>
      <object_component id="oc-290">
         <name>.text</name>
         <load_address>0x1fa0</load_address>
         <run_address>0x1fa0</run_address>
         <size>0x21</size>
         <input_file_ref idref="fl-31"/>
      </object_component>
      <object_component id="oc-27b">
         <name>.text</name>
         <load_address>0x2021</load_address>
         <run_address>0x2021</run_address>
         <size>0x1f</size>
         <input_file_ref idref="fl-32"/>
      </object_component>
      <object_component id="oc-1d0">
         <name>.text</name>
         <load_address>0x22c7</load_address>
         <run_address>0x22c7</run_address>
         <size>0x18</size>
         <input_file_ref idref="fl-33"/>
      </object_component>
      <object_component id="oc-1c6">
         <name>.text</name>
         <load_address>0x209a</load_address>
         <run_address>0x209a</run_address>
         <size>0x1e</size>
         <input_file_ref idref="fl-34"/>
      </object_component>
      <object_component id="oc-1cb">
         <name>.text</name>
         <load_address>0xdf9</load_address>
         <run_address>0xdf9</run_address>
         <size>0x107</size>
         <input_file_ref idref="fl-35"/>
      </object_component>
      <object_component id="oc-2a1">
         <name>.text</name>
         <load_address>0x20f2</load_address>
         <run_address>0x20f2</run_address>
         <size>0x1d</size>
         <input_file_ref idref="fl-36"/>
      </object_component>
      <object_component id="oc-286">
         <name>.text</name>
         <load_address>0x219c</load_address>
         <run_address>0x219c</run_address>
         <size>0x1c</size>
         <input_file_ref idref="fl-37"/>
      </object_component>
      <object_component id="oc-271">
         <name>.text</name>
         <load_address>0x1349</load_address>
         <run_address>0x1349</run_address>
         <size>0x8b</size>
         <input_file_ref idref="fl-38"/>
      </object_component>
      <object_component id="oc-1e9">
         <name>.text</name>
         <load_address>0x26f5</load_address>
         <run_address>0x26f5</run_address>
         <size>0x1</size>
         <input_file_ref idref="fl-3a"/>
      </object_component>
      <object_component id="oc-280">
         <name>.text</name>
         <load_address>0x1d47</load_address>
         <run_address>0x1d47</run_address>
         <size>0x30</size>
         <input_file_ref idref="fl-3b"/>
      </object_component>
      <object_component id="oc-1c0">
         <name>.text</name>
         <load_address>0x1ce6</load_address>
         <run_address>0x1ce6</run_address>
         <size>0x31</size>
         <input_file_ref idref="fl-3c"/>
      </object_component>
      <object_component id="oc-1b8">
         <name>.text</name>
         <load_address>0x25a4</load_address>
         <run_address>0x25a4</run_address>
         <size>0x10</size>
         <input_file_ref idref="fl-3e"/>
      </object_component>
      <object_component id="oc-2a6">
         <name>.text</name>
         <load_address>0x2649</load_address>
         <run_address>0x2649</run_address>
         <size>0xc</size>
         <input_file_ref idref="fl-3f"/>
      </object_component>
      <object_component id="oc-1b2">
         <name>.text</name>
         <load_address>0x26eb</load_address>
         <run_address>0x26eb</run_address>
         <size>0x5</size>
         <input_file_ref idref="fl-40"/>
      </object_component>
      <object_component id="oc-295">
         <name>.text</name>
         <load_address>0x1695</load_address>
         <run_address>0x1695</run_address>
         <size>0x5a</size>
         <input_file_ref idref="fl-42"/>
      </object_component>
      <object_component id="oc-29b">
         <name>.text</name>
         <load_address>0x116a</load_address>
         <run_address>0x116a</run_address>
         <size>0xa9</size>
         <input_file_ref idref="fl-43"/>
      </object_component>
      <object_component id="oc-1d5">
         <name>.text</name>
         <load_address>0x266b</load_address>
         <run_address>0x266b</run_address>
         <size>0xb</size>
         <input_file_ref idref="fl-44"/>
      </object_component>
      <object_component id="oc-37d">
         <name>.text</name>
         <load_address>0x1213</load_address>
         <run_address>0x1213</run_address>
         <size>0x9c</size>
         <input_file_ref idref="fl-45"/>
      </object_component>
      <object_component id="oc-375">
         <name>.text</name>
         <load_address>0x1e29</load_address>
         <run_address>0x1e29</run_address>
         <size>0x2a</size>
         <input_file_ref idref="fl-46"/>
      </object_component>
      <object_component id="oc-38c">
         <name>.text</name>
         <load_address>0x1f39</load_address>
         <run_address>0x1f39</run_address>
         <size>0x24</size>
         <input_file_ref idref="fl-47"/>
      </object_component>
      <object_component id="oc-3a5">
         <name>.TI.ramfunc</name>
         <load_address>0x128</load_address>
         <run_address>0x128</run_address>
         <size>0x4</size>
         <input_file_ref idref="fl-12"/>
      </object_component>
      <object_component id="oc-5a3">
         <name>.cinit..data.load</name>
         <load_address>0x12c</load_address>
         <run_address>0x12c</run_address>
         <size>0x6</size>
      </object_component>
      <object_component id="oc-5a0">
         <name>__TI_handler_table</name>
         <load_address>0x132</load_address>
         <run_address>0x132</run_address>
         <size>0x6</size>
      </object_component>
      <object_component id="oc-5a2">
         <name>.cinit..bss.load</name>
         <load_address>0x138</load_address>
         <run_address>0x138</run_address>
         <size>0x4</size>
      </object_component>
      <object_component id="oc-5a1">
         <name>__TI_cinit_table</name>
         <load_address>0x13c</load_address>
         <run_address>0x13c</run_address>
         <size>0x8</size>
      </object_component>
      <object_component id="oc-21">
         <name>codestart</name>
         <load_address>0x0</load_address>
         <run_address>0x0</run_address>
         <size>0x2</size>
         <input_file_ref idref="fl-6"/>
      </object_component>
      <object_component id="oc-4a">
         <name>.stack</name>
         <uninitialized>true</uninitialized>
         <run_address>0x400</run_address>
         <size>0x0</size>
         <input_file_ref idref="fl-1f"/>
      </object_component>
      <object_component id="oc-5a4">
         <name>.stack</name>
         <uninitialized>true</uninitialized>
         <run_address>0x400</run_address>
         <size>0x0</size>
      </object_component>
      <object_component id="oc-a1">
         <name>.bss</name>
         <uninitialized>true</uninitialized>
         <run_address>0xa064</run_address>
         <size>0x6</size>
         <input_file_ref idref="fl-2"/>
      </object_component>
      <object_component id="oc-74">
         <name>.bss:buffer</name>
         <uninitialized>true</uninitialized>
         <run_address>0xa000</run_address>
         <size>0x64</size>
         <input_file_ref idref="fl-2"/>
      </object_component>
      <object_component id="oc-73">
         <name>.const:.string</name>
         <load_address>0xa06a</load_address>
         <run_address>0xa06a</run_address>
         <size>0x12e</size>
         <input_file_ref idref="fl-2"/>
      </object_component>
      <object_component id="oc-259">
         <name>.const:.string:_ctypes_</name>
         <load_address>0xa198</load_address>
         <run_address>0xa198</run_address>
         <size>0x101</size>
         <input_file_ref idref="fl-3d"/>
      </object_component>
      <object_component id="oc-475">
         <name>.const:.string</name>
         <load_address>0xa29a</load_address>
         <run_address>0xa29a</run_address>
         <size>0xbd</size>
         <input_file_ref idref="fl-3"/>
      </object_component>
      <object_component id="oc-39e">
         <name>.const:.string</name>
         <load_address>0xa358</load_address>
         <run_address>0xa358</run_address>
         <size>0x9a</size>
         <input_file_ref idref="fl-12"/>
      </object_component>
      <object_component id="oc-2f6">
         <name>.const:.string</name>
         <load_address>0xa3f2</load_address>
         <run_address>0xa3f2</run_address>
         <size>0x98</size>
         <input_file_ref idref="fl-f"/>
      </object_component>
      <object_component id="oc-ee">
         <name>.const:.string</name>
         <load_address>0xa48a</load_address>
         <run_address>0xa48a</run_address>
         <size>0x97</size>
         <input_file_ref idref="fl-11"/>
      </object_component>
      <object_component id="oc-2cc">
         <name>.const:.string</name>
         <load_address>0xa522</load_address>
         <run_address>0xa522</run_address>
         <size>0x53</size>
         <input_file_ref idref="fl-5"/>
      </object_component>
      <object_component id="oc-52d">
         <name>.const:.string</name>
         <load_address>0xa576</load_address>
         <run_address>0xa576</run_address>
         <size>0x4b</size>
         <input_file_ref idref="fl-d"/>
      </object_component>
      <object_component id="oc-1b1">
         <name>.const:.string</name>
         <load_address>0xa5c2</load_address>
         <run_address>0xa5c2</run_address>
         <size>0x26</size>
         <input_file_ref idref="fl-2c"/>
      </object_component>
      <object_component id="oc-266">
         <name>.const</name>
         <load_address>0xa5e8</load_address>
         <run_address>0xa5e8</run_address>
         <size>0x1c</size>
         <input_file_ref idref="fl-2c"/>
      </object_component>
      <object_component id="oc-389">
         <name>.const</name>
         <load_address>0xa604</load_address>
         <run_address>0xa604</run_address>
         <size>0x1c</size>
         <input_file_ref idref="fl-43"/>
      </object_component>
      <object_component id="oc-384">
         <name>.const</name>
         <load_address>0xa620</load_address>
         <run_address>0xa620</run_address>
         <size>0x8</size>
         <input_file_ref idref="fl-42"/>
      </object_component>
      <object_component id="oc-a4">
         <name>.data</name>
         <load_address>0xa632</load_address>
         <run_address>0xa632</run_address>
         <size>0x1</size>
         <input_file_ref idref="fl-2"/>
      </object_component>
      <object_component id="oc-1a6">
         <name>.data</name>
         <load_address>0xa628</load_address>
         <run_address>0xa628</run_address>
         <size>0x6</size>
         <input_file_ref idref="fl-27"/>
      </object_component>
      <object_component id="oc-1a9">
         <name>.data:_lock</name>
         <load_address>0xa62e</load_address>
         <run_address>0xa62e</run_address>
         <size>0x2</size>
         <input_file_ref idref="fl-28"/>
      </object_component>
      <object_component id="oc-357">
         <name>.data:_unlock</name>
         <load_address>0xa630</load_address>
         <run_address>0xa630</run_address>
         <size>0x2</size>
         <input_file_ref idref="fl-28"/>
      </object_component>
      <object_component id="oc-1db">
         <name>.data</name>
         <load_address>0xa633</load_address>
         <run_address>0xa633</run_address>
         <size>0x1</size>
         <input_file_ref idref="fl-41"/>
      </object_component>
      <object_component id="oc-a8">
         <name>.debug_types</name>
         <load_address>0x0</load_address>
         <run_address>0x0</run_address>
         <size>0x144c</size>
         <input_file_ref idref="fl-2"/>
      </object_component>
      <object_component id="oc-b6">
         <name>.debug_types</name>
         <load_address>0x144c</load_address>
         <run_address>0x144c</run_address>
         <size>0xe76</size>
         <input_file_ref idref="fl-3"/>
      </object_component>
      <object_component id="oc-146">
         <name>.debug_types</name>
         <load_address>0x22c2</load_address>
         <run_address>0x22c2</run_address>
         <size>0xa19</size>
         <input_file_ref idref="fl-5"/>
      </object_component>
      <object_component id="oc-535">
         <name>.debug_types</name>
         <load_address>0x2cdb</load_address>
         <run_address>0x2cdb</run_address>
         <size>0x17c</size>
         <input_file_ref idref="fl-d"/>
      </object_component>
      <object_component id="oc-2ef">
         <name>.debug_types</name>
         <load_address>0x2e57</load_address>
         <run_address>0x2e57</run_address>
         <size>0x24d</size>
         <input_file_ref idref="fl-f"/>
      </object_component>
      <object_component id="oc-b8">
         <name>.debug_types</name>
         <load_address>0x0</load_address>
         <run_address>0x0</run_address>
         <size>0x0</size>
         <input_file_ref idref="fl-10"/>
      </object_component>
      <object_component id="oc-102">
         <name>.debug_types</name>
         <load_address>0x30a4</load_address>
         <run_address>0x30a4</run_address>
         <size>0x2f</size>
         <input_file_ref idref="fl-11"/>
      </object_component>
      <object_component id="oc-3b9">
         <name>.debug_types</name>
         <load_address>0x30d3</load_address>
         <run_address>0x30d3</run_address>
         <size>0x716</size>
         <input_file_ref idref="fl-12"/>
      </object_component>
      <object_component id="oc-e5">
         <name>.debug_types</name>
         <load_address>0x37e9</load_address>
         <run_address>0x37e9</run_address>
         <size>0x28e</size>
         <input_file_ref idref="fl-1e"/>
      </object_component>
      <object_component id="oc-c0">
         <name>.debug_types</name>
         <load_address>0x3a77</load_address>
         <run_address>0x3a77</run_address>
         <size>0x89</size>
         <input_file_ref idref="fl-21"/>
      </object_component>
      <object_component id="oc-16d">
         <name>.debug_types</name>
         <load_address>0x0</load_address>
         <run_address>0x0</run_address>
         <size>0x0</size>
         <input_file_ref idref="fl-22"/>
      </object_component>
      <object_component id="oc-1f0">
         <name>.debug_types</name>
         <load_address>0x3b00</load_address>
         <run_address>0x3b00</run_address>
         <size>0x441</size>
         <input_file_ref idref="fl-23"/>
      </object_component>
      <object_component id="oc-c5">
         <name>.debug_types</name>
         <load_address>0x3f41</load_address>
         <run_address>0x3f41</run_address>
         <size>0x194</size>
         <input_file_ref idref="fl-24"/>
      </object_component>
      <object_component id="oc-54">
         <name>.debug_types</name>
         <load_address>0x0</load_address>
         <run_address>0x0</run_address>
         <size>0x0</size>
         <input_file_ref idref="fl-25"/>
      </object_component>
      <object_component id="oc-4c">
         <name>.debug_types</name>
         <load_address>0x40d5</load_address>
         <run_address>0x40d5</run_address>
         <size>0x191</size>
         <input_file_ref idref="fl-26"/>
      </object_component>
      <object_component id="oc-1ad">
         <name>.debug_types</name>
         <load_address>0x4266</load_address>
         <run_address>0x4266</run_address>
         <size>0x90</size>
         <input_file_ref idref="fl-27"/>
      </object_component>
      <object_component id="oc-24e">
         <name>.debug_types</name>
         <load_address>0x42f6</load_address>
         <run_address>0x42f6</run_address>
         <size>0x2f</size>
         <input_file_ref idref="fl-28"/>
      </object_component>
      <object_component id="oc-1a5">
         <name>.debug_types</name>
         <load_address>0x4325</load_address>
         <run_address>0x4325</run_address>
         <size>0xb6</size>
         <input_file_ref idref="fl-29"/>
      </object_component>
      <object_component id="oc-12f">
         <name>.debug_types</name>
         <load_address>0x0</load_address>
         <run_address>0x0</run_address>
         <size>0x0</size>
         <input_file_ref idref="fl-2a"/>
      </object_component>
      <object_component id="oc-e7">
         <name>.debug_types</name>
         <load_address>0x0</load_address>
         <run_address>0x0</run_address>
         <size>0x0</size>
         <input_file_ref idref="fl-2b"/>
      </object_component>
      <object_component id="oc-1bf">
         <name>.debug_types</name>
         <load_address>0x43db</load_address>
         <run_address>0x43db</run_address>
         <size>0x9ab</size>
         <input_file_ref idref="fl-2c"/>
      </object_component>
      <object_component id="oc-2ae">
         <name>.debug_types</name>
         <load_address>0x0</load_address>
         <run_address>0x0</run_address>
         <size>0x0</size>
         <input_file_ref idref="fl-3a"/>
      </object_component>
      <object_component id="oc-37b">
         <name>.debug_types</name>
         <load_address>0x4d86</load_address>
         <run_address>0x4d86</run_address>
         <size>0x61</size>
         <input_file_ref idref="fl-3b"/>
      </object_component>
      <object_component id="oc-25d">
         <name>.debug_types</name>
         <load_address>0x4de7</load_address>
         <run_address>0x4de7</run_address>
         <size>0x34</size>
         <input_file_ref idref="fl-3c"/>
      </object_component>
      <object_component id="oc-366">
         <name>.debug_types</name>
         <load_address>0x0</load_address>
         <run_address>0x0</run_address>
         <size>0x0</size>
         <input_file_ref idref="fl-3d"/>
      </object_component>
      <object_component id="oc-255">
         <name>.debug_types</name>
         <load_address>0x0</load_address>
         <run_address>0x0</run_address>
         <size>0x0</size>
         <input_file_ref idref="fl-3e"/>
      </object_component>
      <object_component id="oc-396">
         <name>.debug_types</name>
         <load_address>0x0</load_address>
         <run_address>0x0</run_address>
         <size>0x0</size>
         <input_file_ref idref="fl-3f"/>
      </object_component>
      <object_component id="oc-253">
         <name>.debug_types</name>
         <load_address>0x4e1b</load_address>
         <run_address>0x4e1b</run_address>
         <size>0x34</size>
         <input_file_ref idref="fl-40"/>
      </object_component>
      <object_component id="oc-265">
         <name>.debug_types</name>
         <load_address>0x0</load_address>
         <run_address>0x0</run_address>
         <size>0x0</size>
         <input_file_ref idref="fl-41"/>
      </object_component>
      <object_component id="oc-388">
         <name>.debug_types</name>
         <load_address>0x4e4f</load_address>
         <run_address>0x4e4f</run_address>
         <size>0x2f</size>
         <input_file_ref idref="fl-42"/>
      </object_component>
      <object_component id="oc-393">
         <name>.debug_types</name>
         <load_address>0x0</load_address>
         <run_address>0x0</run_address>
         <size>0x0</size>
         <input_file_ref idref="fl-43"/>
      </object_component>
      <object_component id="oc-262">
         <name>.debug_types</name>
         <load_address>0x4e7e</load_address>
         <run_address>0x4e7e</run_address>
         <size>0x160</size>
         <input_file_ref idref="fl-44"/>
      </object_component>
      <object_component id="oc-416">
         <name>.debug_types</name>
         <load_address>0x0</load_address>
         <run_address>0x0</run_address>
         <size>0x0</size>
         <input_file_ref idref="fl-47"/>
      </object_component>
      <object_component id="oc-a2">
         <name>.debug_info</name>
         <load_address>0x0</load_address>
         <run_address>0x0</run_address>
         <size>0x1e3</size>
         <input_file_ref idref="fl-2"/>
      </object_component>
      <object_component id="oc-a5">
         <name>.debug_info</name>
         <load_address>0x1e3</load_address>
         <run_address>0x1e3</run_address>
         <size>0x106</size>
         <input_file_ref idref="fl-2"/>
      </object_component>
      <object_component id="oc-75">
         <name>.debug_info</name>
         <load_address>0x2e9</load_address>
         <run_address>0x2e9</run_address>
         <size>0x108</size>
         <input_file_ref idref="fl-2"/>
      </object_component>
      <object_component id="oc-107">
         <name>.debug_info</name>
         <load_address>0x3f1</load_address>
         <run_address>0x3f1</run_address>
         <size>0x190</size>
         <input_file_ref idref="fl-2"/>
      </object_component>
      <object_component id="oc-8d">
         <name>.debug_info</name>
         <load_address>0x581</load_address>
         <run_address>0x581</run_address>
         <size>0x1e9</size>
         <input_file_ref idref="fl-2"/>
      </object_component>
      <object_component id="oc-93">
         <name>.debug_info</name>
         <load_address>0x76a</load_address>
         <run_address>0x76a</run_address>
         <size>0x1fd</size>
         <input_file_ref idref="fl-2"/>
      </object_component>
      <object_component id="oc-99">
         <name>.debug_info</name>
         <load_address>0x967</load_address>
         <run_address>0x967</run_address>
         <size>0x1f9</size>
         <input_file_ref idref="fl-2"/>
      </object_component>
      <object_component id="oc-71">
         <name>.debug_info</name>
         <load_address>0xb60</load_address>
         <run_address>0xb60</run_address>
         <size>0x1d4</size>
         <input_file_ref idref="fl-2"/>
      </object_component>
      <object_component id="oc-9f">
         <name>.debug_info</name>
         <load_address>0xd34</load_address>
         <run_address>0xd34</run_address>
         <size>0x1a0</size>
         <input_file_ref idref="fl-2"/>
      </object_component>
      <object_component id="oc-353">
         <name>.debug_info</name>
         <load_address>0xed4</load_address>
         <run_address>0xed4</run_address>
         <size>0x193</size>
         <input_file_ref idref="fl-2"/>
      </object_component>
      <object_component id="oc-33d">
         <name>.debug_info</name>
         <load_address>0x1067</load_address>
         <run_address>0x1067</run_address>
         <size>0x224</size>
         <input_file_ref idref="fl-2"/>
      </object_component>
      <object_component id="oc-23c">
         <name>.debug_info</name>
         <load_address>0x128b</load_address>
         <run_address>0x128b</run_address>
         <size>0x1f5</size>
         <input_file_ref idref="fl-2"/>
      </object_component>
      <object_component id="oc-333">
         <name>.debug_info</name>
         <load_address>0x1480</load_address>
         <run_address>0x1480</run_address>
         <size>0x1eb</size>
         <input_file_ref idref="fl-2"/>
      </object_component>
      <object_component id="oc-346">
         <name>.debug_info</name>
         <load_address>0x166b</load_address>
         <run_address>0x166b</run_address>
         <size>0x1c4</size>
         <input_file_ref idref="fl-2"/>
      </object_component>
      <object_component id="oc-32c">
         <name>.debug_info</name>
         <load_address>0x182f</load_address>
         <run_address>0x182f</run_address>
         <size>0x239</size>
         <input_file_ref idref="fl-2"/>
      </object_component>
      <object_component id="oc-339">
         <name>.debug_info</name>
         <load_address>0x1a68</load_address>
         <run_address>0x1a68</run_address>
         <size>0x265</size>
         <input_file_ref idref="fl-2"/>
      </object_component>
      <object_component id="oc-236">
         <name>.debug_info</name>
         <load_address>0x1ccd</load_address>
         <run_address>0x1ccd</run_address>
         <size>0x1e7</size>
         <input_file_ref idref="fl-2"/>
      </object_component>
      <object_component id="oc-31b">
         <name>.debug_info</name>
         <load_address>0x1eb4</load_address>
         <run_address>0x1eb4</run_address>
         <size>0x1e9</size>
         <input_file_ref idref="fl-2"/>
      </object_component>
      <object_component id="oc-31f">
         <name>.debug_info</name>
         <load_address>0x209d</load_address>
         <run_address>0x209d</run_address>
         <size>0x22b</size>
         <input_file_ref idref="fl-2"/>
      </object_component>
      <object_component id="oc-326">
         <name>.debug_info</name>
         <load_address>0x22c8</load_address>
         <run_address>0x22c8</run_address>
         <size>0x23d</size>
         <input_file_ref idref="fl-2"/>
      </object_component>
      <object_component id="oc-d5">
         <name>.debug_info</name>
         <load_address>0x2505</load_address>
         <run_address>0x2505</run_address>
         <size>0x18d</size>
         <input_file_ref idref="fl-2"/>
      </object_component>
      <object_component id="oc-69">
         <name>.debug_info</name>
         <load_address>0x2692</load_address>
         <run_address>0x2692</run_address>
         <size>0x1c1</size>
         <input_file_ref idref="fl-2"/>
      </object_component>
      <object_component id="oc-1a0">
         <name>.debug_info</name>
         <load_address>0x2853</load_address>
         <run_address>0x2853</run_address>
         <size>0x2d9</size>
         <input_file_ref idref="fl-2"/>
      </object_component>
      <object_component id="oc-229">
         <name>.debug_info</name>
         <load_address>0x2b2c</load_address>
         <run_address>0x2b2c</run_address>
         <size>0x2a7</size>
         <input_file_ref idref="fl-2"/>
      </object_component>
      <object_component id="oc-230">
         <name>.debug_info</name>
         <load_address>0x2dd3</load_address>
         <run_address>0x2dd3</run_address>
         <size>0x1f3</size>
         <input_file_ref idref="fl-2"/>
      </object_component>
      <object_component id="oc-27">
         <name>.debug_info</name>
         <load_address>0x2fc6</load_address>
         <run_address>0x2fc6</run_address>
         <size>0x29c</size>
         <input_file_ref idref="fl-2"/>
      </object_component>
      <object_component id="oc-537">
         <name>.debug_info</name>
         <load_address>0x3262</load_address>
         <run_address>0x3262</run_address>
         <size>0x17f</size>
         <input_file_ref idref="fl-3"/>
      </object_component>
      <object_component id="oc-47f">
         <name>.debug_info</name>
         <load_address>0x33e1</load_address>
         <run_address>0x33e1</run_address>
         <size>0x1cc</size>
         <input_file_ref idref="fl-3"/>
      </object_component>
      <object_component id="oc-49d">
         <name>.debug_info</name>
         <load_address>0x35ad</load_address>
         <run_address>0x35ad</run_address>
         <size>0x24b</size>
         <input_file_ref idref="fl-3"/>
      </object_component>
      <object_component id="oc-4a3">
         <name>.debug_info</name>
         <load_address>0x37f8</load_address>
         <run_address>0x37f8</run_address>
         <size>0x218</size>
         <input_file_ref idref="fl-3"/>
      </object_component>
      <object_component id="oc-485">
         <name>.debug_info</name>
         <load_address>0x3a10</load_address>
         <run_address>0x3a10</run_address>
         <size>0x1da</size>
         <input_file_ref idref="fl-3"/>
      </object_component>
      <object_component id="oc-48b">
         <name>.debug_info</name>
         <load_address>0x3bea</load_address>
         <run_address>0x3bea</run_address>
         <size>0x1a3</size>
         <input_file_ref idref="fl-3"/>
      </object_component>
      <object_component id="oc-4af">
         <name>.debug_info</name>
         <load_address>0x3d8d</load_address>
         <run_address>0x3d8d</run_address>
         <size>0x1d8</size>
         <input_file_ref idref="fl-3"/>
      </object_component>
      <object_component id="oc-491">
         <name>.debug_info</name>
         <load_address>0x3f65</load_address>
         <run_address>0x3f65</run_address>
         <size>0x1a5</size>
         <input_file_ref idref="fl-3"/>
      </object_component>
      <object_component id="oc-497">
         <name>.debug_info</name>
         <load_address>0x410a</load_address>
         <run_address>0x410a</run_address>
         <size>0x1c8</size>
         <input_file_ref idref="fl-3"/>
      </object_component>
      <object_component id="oc-4bb">
         <name>.debug_info</name>
         <load_address>0x42d2</load_address>
         <run_address>0x42d2</run_address>
         <size>0x1fa</size>
         <input_file_ref idref="fl-3"/>
      </object_component>
      <object_component id="oc-4a9">
         <name>.debug_info</name>
         <load_address>0x44cc</load_address>
         <run_address>0x44cc</run_address>
         <size>0x23c</size>
         <input_file_ref idref="fl-3"/>
      </object_component>
      <object_component id="oc-4b5">
         <name>.debug_info</name>
         <load_address>0x4708</load_address>
         <run_address>0x4708</run_address>
         <size>0x206</size>
         <input_file_ref idref="fl-3"/>
      </object_component>
      <object_component id="oc-3d3">
         <name>.debug_info</name>
         <load_address>0x490e</load_address>
         <run_address>0x490e</run_address>
         <size>0x17a</size>
         <input_file_ref idref="fl-3"/>
      </object_component>
      <object_component id="oc-3d9">
         <name>.debug_info</name>
         <load_address>0x4a88</load_address>
         <run_address>0x4a88</run_address>
         <size>0x1b8</size>
         <input_file_ref idref="fl-3"/>
      </object_component>
[...]
         </cprec>
      </cptbl>
   </cptbl_list>
   <handler_table>
      <handler_table_name>__TI_handler_table</handler_table_name>
      <handler>
         <index>0x0</index>
         <name>__TI_zero_init</name>
      </handler>
      <handler>
         <index>0x1</index>
         <name>__TI_decompress_lzss</name>
      </handler>
      <handler>
         <index>0x2</index>
         <name>__TI_decompress_none</name>
      </handler>
   </handler_table>
   <symbol_table>
      <symbol id="sm-1">
         <name>__TI_CINIT_Base</name>
         <value>0x13c</value>
      </symbol>
      <symbol id="sm-2">
         <name>__TI_CINIT_Limit</name>
         <value>0x144</value>
      </symbol>
      <symbol id="sm-3">
         <name>__TI_CINIT_Warm</name>
         <value>0x144</value>
      </symbol>
      <symbol id="sm-4">
         <name>__TI_Handler_Table_Base</name>
         <value>0x132</value>
      </symbol>
      <symbol id="sm-5">
         <name>__TI_Handler_Table_Limit</name>
         <value>0x138</value>
      </symbol>
      <symbol id="sm-6">
         <name>__TI_STACK_SIZE</name>
         <value>0x200</value>
      </symbol>
      <symbol id="sm-7">
         <name>__TI_STACK_END</name>
         <value>0x600</value>
      </symbol>
      <symbol id="sm-8">
         <name>__TI_pprof_out_hndl</name>
         <value>0xffffffff</value>
      </symbol>
      <symbol id="sm-9">
         <name>__TI_prof_data_start</name>
         <value>0xffffffff</value>
      </symbol>
      <symbol id="sm-a">
         <name>__TI_prof_data_size</name>
         <value>0xffffffff</value>
      </symbol>
      <symbol id="sm-127">
         <name>buffer</name>
         <value>0xa000</value>
         <object_component_ref idref="oc-74"/>
      </symbol>
      <symbol id="sm-128">
         <name>adcA1ISR</name>
         <value>0xffe</value>
         <object_component_ref idref="oc-26"/>
      </symbol>
      <symbol id="sm-129">
         <name>setPWMDutyCycle</name>
         <value>0x1c4f</value>
         <object_component_ref idref="oc-22e"/>
      </symbol>
      <symbol id="sm-12a">
         <name>adcAResult2</name>
         <value>0xa066</value>
         <object_component_ref idref="oc-a1"/>
      </symbol>
      <symbol id="sm-12b">
         <name>adcAResult0</name>
         <value>0xa064</value>
         <object_component_ref idref="oc-a1"/>
      </symbol>
      <symbol id="sm-12c">
         <name>adcAResult1</name>
         <value>0xa065</value>
         <object_component_ref idref="oc-a1"/>
      </symbol>
      <symbol id="sm-12d">
         <name>main</name>
         <value>0x1982</value>
         <object_component_ref idref="oc-19e"/>
      </symbol>
      <symbol id="sm-12e">
         <name>initEPWM</name>
         <value>0x1796</value>
         <object_component_ref idref="oc-228"/>
      </symbol>
      <symbol id="sm-12f">
         <name>count</name>
         <value>0xa632</value>
         <object_component_ref idref="oc-a4"/>
      </symbol>
      <symbol id="sm-130">
         <name>adcCResult2</name>
         <value>0xa069</value>
         <object_component_ref idref="oc-a1"/>
      </symbol>
      <symbol id="sm-131">
         <name>adcCResult0</name>
         <value>0xa067</value>
         <object_component_ref idref="oc-a1"/>
      </symbol>
      <symbol id="sm-132">
         <name>adcCResult1</name>
         <value>0xa068</value>
         <object_component_ref idref="oc-a1"/>
      </symbol>
      <symbol id="sm-268">
         <name>INTERRUPT_init</name>
         <value>0x25fc</value>
         <object_component_ref idref="oc-2c"/>
      </symbol>
      <symbol id="sm-269">
         <name>PinMux_init</name>
         <value>0x10bb</value>
         <object_component_ref idref="oc-2f9"/>
      </symbol>
      <symbol id="sm-26a">
         <name>SCI_init</name>
         <value>0x26f0</value>
         <object_component_ref idref="oc-30b"/>
      </symbol>
      <symbol id="sm-26b">
         <name>Board_init</name>
         <value>0x25ef</value>
         <object_component_ref idref="oc-222"/>
      </symbol>
      <symbol id="sm-26c">
         <name>ADC_init</name>
         <value>0x26e6</value>
         <object_component_ref idref="oc-305"/>
      </symbol>
      <symbol id="sm-26d">
         <name>myADC0_init</name>
         <value>0x15c7</value>
         <object_component_ref idref="oc-3e5"/>
      </symbol>
      <symbol id="sm-26e">
         <name>myADC1_init</name>
         <value>0x16ef</value>
         <object_component_ref idref="oc-3eb"/>
      </symbol>
      <symbol id="sm-26f">
         <name>mySCI0_init</name>
         <value>0x1ac2</value>
         <object_component_ref idref="oc-3f2"/>
      </symbol>
      <symbol id="sm-270">
         <name>ASYSCTL_init</name>
         <value>0x268a</value>
         <object_component_ref idref="oc-2ff"/>
      </symbol>
      <symbol id="sm-2c8">
         <name>Device_enableAllPeripherals</name>
         <value>0x12af</value>
         <object_component_ref idref="oc-2d9"/>
      </symbol>
      <symbol id="sm-2c9">
         <name>Device_initGPIO</name>
         <value>0x2594</value>
         <object_component_ref idref="oc-204"/>
      </symbol>
      <symbol id="sm-2ca">
         <name>Device_init</name>
         <value>0x1c19</value>
         <object_component_ref idref="oc-1fe"/>
      </symbol>
      <symbol id="sm-2cb">
         <name>__error__</name>
         <value>0x26d2</value>
         <object_component_ref idref="oc-d9"/>
      </symbol>
      <symbol id="sm-2da">
         <name>code_start</name>
         <value>0x0</value>
         <object_component_ref idref="oc-21"/>
      </symbol>
      <symbol id="sm-301">
         <name>ADC_setOffsetTrimAll</name>
         <value>0x1fe1</value>
         <object_component_ref idref="oc-52e"/>
      </symbol>
      <symbol id="sm-302">
         <name>ADC_setVREF</name>
         <value>0x1e7c</value>
         <object_component_ref idref="oc-478"/>
      </symbol>
      <symbol id="sm-349">
         <name>GPIO_setQualificationMode</name>
         <value>0x1bab</value>
         <object_component_ref idref="oc-312"/>
      </symbol>
      <symbol id="sm-34a">
         <name>GPIO_setPadConfig</name>
         <value>0x1744</value>
         <object_component_ref idref="oc-21c"/>
      </symbol>
      <symbol id="sm-34b">
         <name>GPIO_setAnalogMode</name>
         <value>0x186c</value>
         <object_component_ref idref="oc-3cb"/>
      </symbol>
      <symbol id="sm-34c">
         <name>GPIO_setDirectionMode</name>
         <value>0x1cb5</value>
         <object_component_ref idref="oc-216"/>
      </symbol>
      <symbol id="sm-34d">
         <name>GPIO_setPinConfig</name>
         <value>0x1b74</value>
         <object_component_ref idref="oc-210"/>
      </symbol>
      <symbol id="sm-39c">
         <name>Interrupt_defaultHandler</name>
         <value>0x237c</value>
         <object_component_ref idref="oc-32"/>
      </symbol>
      <symbol id="sm-39d">
         <name>Interrupt_initModule</name>
         <value>0x1a85</value>
         <object_component_ref idref="oc-20a"/>
      </symbol>
      <symbol id="sm-39e">
         <name>Interrupt_nmiHandler</name>
         <value>0x2680</value>
         <object_component_ref idref="oc-44"/>
      </symbol>
      <symbol id="sm-39f">
         <name>Interrupt_enable</name>
         <value>0x1be2</value>
         <object_component_ref idref="oc-af"/>
      </symbol>
      <symbol id="sm-3a0">
         <name>Interrupt_initVectorTable</name>
         <value>0x207c</value>
         <object_component_ref idref="oc-34"/>
      </symbol>
      <symbol id="sm-3a1">
         <name>Interrupt_illegalOperationHandler</name>
         <value>0x2676</value>
         <object_component_ref idref="oc-3e"/>
      </symbol>
      <symbol id="sm-412">
         <name>SCI_clearInterruptStatus</name>
         <value>0x18f8</value>
         <object_component_ref idref="oc-4c2"/>
      </symbol>
      <symbol id="sm-413">
         <name>SCI_writeCharArray</name>
         <value>0x19c6</value>
         <object_component_ref idref="oc-83"/>
      </symbol>
      <symbol id="sm-414">
         <name>SCI_setConfig</name>
         <value>0x1a47</value>
         <object_component_ref idref="oc-4e0"/>
      </symbol>
      <symbol id="sm-526">
         <name>SysCtl_isPLLValid</name>
         <value>0xf00</value>
         <object_component_ref idref="oc-3b2"/>
      </symbol>
      <symbol id="sm-527">
         <name>SysCtl_delay</name>
         <value>0x128</value>
         <object_component_ref idref="oc-3a5"/>
      </symbol>
      <symbol id="sm-528">
         <name>SysCtl_selectXTALSingleEnded</name>
         <value>0x1ef0</value>
         <object_component_ref idref="oc-424"/>
      </symbol>
      <symbol id="sm-529">
         <name>SysCtl_selectXTAL</name>
         <value>0x18b2</value>
         <object_component_ref idref="oc-41e"/>
      </symbol>
      <symbol id="sm-52a">
         <name>SysCtl_selectOscSource</name>
         <value>0x17df</value>
         <object_component_ref idref="oc-3a6"/>
      </symbol>
      <symbol id="sm-52b">
         <name>SysCtl_getLowSpeedClock</name>
         <value>0x21ec</value>
         <object_component_ref idref="oc-2cd"/>
      </symbol>
      <symbol id="sm-52c">
         <name>SysCtl_setClock</name>
         <value>0xcd6</value>
         <object_component_ref idref="oc-2ba"/>
      </symbol>
      <symbol id="sm-52d">
         <name>SysCtl_getClock</name>
         <value>0x1630</value>
         <object_component_ref idref="oc-2c6"/>
      </symbol>
      <symbol id="sm-53c">
         <name>sprintf</name>
         <value>0x1c83</value>
         <object_component_ref idref="oc-77"/>
      </symbol>
      <symbol id="sm-546">
         <name>_c_int00</name>
         <value>0x230d</value>
         <object_component_ref idref="oc-cd"/>
      </symbol>
      <symbol id="sm-547">
         <name>__stack</name>
         <value>0x400</value>
         <object_component_ref idref="oc-4a"/>
      </symbol>
      <symbol id="sm-554">
         <name>__c28xabi_divf</name>
         <value>0x13d4</value>
         <object_component_ref idref="oc-349"/>
      </symbol>
      <symbol id="sm-566">
         <name>memcpy</name>
         <value>0x210f</value>
         <object_component_ref idref="oc-4d"/>
      </symbol>
      <symbol id="sm-573">
         <name>_system_pre_init</name>
         <value>0x26f3</value>
         <object_component_ref idref="oc-130"/>
      </symbol>
      <symbol id="sm-582">
         <name>__TI_auto_init_nobinit_nopinit</name>
         <value>0x1dd4</value>
         <object_component_ref idref="oc-16e"/>
      </symbol>
      <symbol id="sm-591">
         <name>__TI_zero_init_nomemset</name>
         <value>0x2630</value>
         <object_component_ref idref="oc-55"/>
      </symbol>
      <symbol id="sm-59e">
         <name>__TI_decompress_none</name>
         <value>0x26a5</value>
         <object_component_ref idref="oc-1a"/>
      </symbol>
      <symbol id="sm-5b2">
         <name>__TI_decompress_lzss</name>
         <value>0x1d17</value>
         <object_component_ref idref="oc-14"/>
      </symbol>
      <symbol id="sm-5c8">
         <name>C$$EXIT</name>
         <value>0x1e53</value>
         <object_component_ref idref="oc-13d"/>
      </symbol>
      <symbol id="sm-5c9">
         <name>abort</name>
         <value>0x1e53</value>
         <object_component_ref idref="oc-13d"/>
      </symbol>
      <symbol id="sm-5ca">
         <name>exit</name>
         <value>0x1e55</value>
         <object_component_ref idref="oc-13d"/>
      </symbol>
      <symbol id="sm-5cb">
         <name>__TI_dtors_ptr</name>
         <value>0xa62c</value>
         <object_component_ref idref="oc-1a6"/>
      </symbol>
      <symbol id="sm-5cc">
         <name>__TI_cleanup_ptr</name>
         <value>0xa62a</value>
         <object_component_ref idref="oc-1a6"/>
      </symbol>
      <symbol id="sm-5cd">
         <name>__TI_enable_exit_profile_output</name>
         <value>0xa628</value>
         <object_component_ref idref="oc-1a6"/>
      </symbol>
      <symbol id="sm-5e4">
         <name>_nop</name>
         <value>0x269b</value>
         <object_component_ref idref="oc-246"/>
      </symbol>
      <symbol id="sm-5e5">
         <name>_lock</name>
         <value>0xa62e</value>
         <object_component_ref idref="oc-1a9"/>
      </symbol>
      <symbol id="sm-5e6">
         <name>_unlock</name>
         <value>0xa630</value>
         <object_component_ref idref="oc-357"/>
      </symbol>
      <symbol id="sm-5e7">
         <name>_register_lock</name>
         <value>0x2697</value>
         <object_component_ref idref="oc-246"/>
      </symbol>
      <symbol id="sm-5e8">
         <name>_register_unlock</name>
         <value>0x2693</value>
         <object_component_ref idref="oc-246"/>
      </symbol>
      <symbol id="sm-5f7">
         <name>_args_main</name>
         <value>0x263d</value>
         <object_component_ref idref="oc-137"/>
      </symbol>
      <symbol id="sm-606">
         <name>memset</name>
         <value>0x26d9</value>
         <object_component_ref idref="oc-c6"/>
      </symbol>
      <symbol id="sm-614">
         <name>strlen</name>
         <value>0x26b5</value>
         <object_component_ref idref="oc-7d"/>
      </symbol>
      <symbol id="sm-77c">
         <name>__TI_printfi</name>
         <value>0xb51</value>
         <object_component_ref idref="oc-153"/>
      </symbol>
      <symbol id="sm-788">
         <name>__c28xabi_cmpd</name>
         <value>0x1dff</value>
         <object_component_ref idref="oc-267"/>
      </symbol>
      <symbol id="sm-796">
         <name>__c28xabi_mpyd</name>
         <value>0x145c</value>
         <object_component_ref idref="oc-276"/>
      </symbol>
      <symbol id="sm-79f">
         <name>__c28xabi_negd</name>
         <value>0x269c</value>
         <object_component_ref idref="oc-26c"/>
      </symbol>
      <symbol id="sm-7a7">
         <name>__c28xabi_subd</name>
         <value>0x25e1</value>
         <object_component_ref idref="oc-28b"/>
      </symbol>
      <symbol id="sm-7b2">
         <name>__c28xabi_dtoi</name>
         <value>0x1fa0</value>
         <object_component_ref idref="oc-290"/>
      </symbol>
      <symbol id="sm-7bd">
         <name>__c28xabi_dtol</name>
         <value>0x2021</value>
         <object_component_ref idref="oc-27b"/>
      </symbol>
      <symbol id="sm-7c5">
         <name>__c28xabi_orll</name>
         <value>0x22cf</value>
         <object_component_ref idref="oc-1d0"/>
      </symbol>
      <symbol id="sm-7c6">
         <name>__c28xabi_xorll</name>
         <value>0x22d7</value>
         <object_component_ref idref="oc-1d0"/>
      </symbol>
      <symbol id="sm-7c7">
         <name>__c28xabi_andll</name>
         <value>0x22c7</value>
         <object_component_ref idref="oc-1d0"/>
      </symbol>
      <symbol id="sm-7d1">
         <name>__c28xabi_cmpll</name>
         <value>0x209a</value>
         <object_component_ref idref="oc-1c6"/>
      </symbol>
      <symbol id="sm-7d2">
         <name>__c28xabi_cmpull</name>
         <value>0x20ac</value>
         <object_component_ref idref="oc-1c6"/>
      </symbol>
      <symbol id="sm-7f9">
         <name>__c28xabi_modull</name>
         <value>0xe9e</value>
         <object_component_ref idref="oc-1cb"/>
      </symbol>
      <symbol id="sm-7fa">
         <name>__c28xabi_divull</name>
         <value>0xe6f</value>
         <object_component_ref idref="oc-1cb"/>
      </symbol>
      <symbol id="sm-7fb">
         <name>__c28xabi_divll</name>
         <value>0xdf9</value>
         <object_component_ref idref="oc-1cb"/>
      </symbol>
      <symbol id="sm-7fc">
         <name>__c28xabi_modll</name>
         <value>0xe35</value>
         <object_component_ref idref="oc-1cb"/>
      </symbol>
      <symbol id="sm-808">
         <name>__c28xabi_itod</name>
         <value>0x20f2</value>
         <object_component_ref idref="oc-2a1"/>
      </symbol>
      <symbol id="sm-814">
         <name>__c28xabi_ltod</name>
         <value>0x219c</value>
         <object_component_ref idref="oc-286"/>
      </symbol>
      <symbol id="sm-827">
         <name>__c28xabi_divd</name>
         <value>0x1349</value>
         <object_component_ref idref="oc-271"/>
      </symbol>
      <symbol id="sm-835">
         <name>_system_post_cinit</name>
         <value>0x26f5</value>
         <object_component_ref idref="oc-1e9"/>
      </symbol>
      <symbol id="sm-844">
         <name>__TI_ltoa</name>
         <value>0x1d47</value>
         <object_component_ref idref="oc-280"/>
      </symbol>
      <symbol id="sm-859">
         <name>atoi</name>
         <value>0x1ce6</value>
         <object_component_ref idref="oc-1c0"/>
      </symbol>
      <symbol id="sm-864">
         <name>_ctypes_</name>
         <value>0xa198</value>
         <object_component_ref idref="oc-259"/>
      </symbol>
      <symbol id="sm-874">
         <name>memccpy</name>
         <value>0x25a4</value>
         <object_component_ref idref="oc-1b8"/>
      </symbol>
      <symbol id="sm-884">
         <name>strchr</name>
         <value>0x2649</value>
         <object_component_ref idref="oc-2a6"/>
      </symbol>
      <symbol id="sm-892">
         <name>strcpy</name>
         <value>0x26eb</value>
         <object_component_ref idref="oc-1b2"/>
      </symbol>
      <symbol id="sm-89d">
         <name>errno</name>
         <value>0xa633</value>
         <object_component_ref idref="oc-1db"/>
      </symbol>
      <symbol id="sm-8b4">
         <name>frexpl</name>
         <value>0x1695</value>
         <object_component_ref idref="oc-295"/>
      </symbol>
      <symbol id="sm-8b5">
         <name>frexp</name>
         <value>0x1695</value>
         <object_component_ref idref="oc-295"/>
      </symbol>
      <symbol id="sm-8d7">
         <name>scalbn</name>
         <value>0x116a</value>
         <object_component_ref idref="oc-29b"/>
      </symbol>
      <symbol id="sm-8d8">
         <name>scalbnl</name>
         <value>0x116a</value>
         <object_component_ref idref="oc-29b"/>
      </symbol>
      <symbol id="sm-8d9">
         <name>ldexpl</name>
         <value>0x116a</value>
         <object_component_ref idref="oc-29b"/>
      </symbol>
      <symbol id="sm-8da">
         <name>ldexp</name>
         <value>0x116a</value>
         <object_component_ref idref="oc-29b"/>
      </symbol>
      <symbol id="sm-8e9">
         <name>wcslen</name>
         <value>0x266b</value>
         <object_component_ref idref="oc-1d5"/>
      </symbol>
      <symbol id="sm-900">
         <name>__c28xabi_addd</name>
         <value>0x1213</value>
         <object_component_ref idref="oc-37d"/>
      </symbol>
      <symbol id="sm-908">
         <name>__c28xabi_divul</name>
         <value>0x1e46</value>
         <object_component_ref idref="oc-375"/>
      </symbol>
      <symbol id="sm-909">
         <name>__c28xabi_modul</name>
         <value>0x1e4d</value>
         <object_component_ref idref="oc-375"/>
      </symbol>
      <symbol id="sm-90a">
         <name>__c28xabi_modl</name>
         <value>0x1e38</value>
         <object_component_ref idref="oc-375"/>
      </symbol>
      <symbol id="sm-90b">
         <name>__c28xabi_divl</name>
         <value>0x1e29</value>
         <object_component_ref idref="oc-375"/>
      </symbol>
      <symbol id="sm-919">
         <name>copysign</name>
         <value>0x1f39</value>
         <object_component_ref idref="oc-38c"/>
      </symbol>
      <symbol id="sm-91a">
         <name>copysignl</name>
         <value>0x1f39</value>
         <object_component_ref idref="oc-38c"/>
      </symbol>
      <symbol id="sm-91c">
         <name>__c_args__</name>
         <value>0x0</value>
      </symbol>
   </symbol_table>
   <title>Link errors: red sections failed placement,available memory ranges in purple</title>
</link_info>
